Archive member included to satisfy reference by file (symbol)

/Applications/STM32CubeIDE.app/Contents/Eclipse/plugins/com.st.stm32cube.ide.mcu.externaltools.gnu-tools-for-stm32.13.3.rel1.macos64_1.0.0.202411102158/tools/bin/../lib/gcc/arm-none-eabi/13.3.1/../../../../arm-none-eabi/lib/thumb/v7e-m+fp/hard/libc_nano.a(libc_a-exit.o)
                              /Applications/STM32CubeIDE.app/Contents/Eclipse/plugins/com.st.stm32cube.ide.mcu.externaltools.gnu-tools-for-stm32.13.3.rel1.macos64_1.0.0.202411102158/tools/bin/../lib/gcc/arm-none-eabi/13.3.1/../../../../arm-none-eabi/lib/thumb/v7e-m+fp/hard/crt0.o (exit)
/Applications/STM32CubeIDE.app/Contents/Eclipse/plugins/com.st.stm32cube.ide.mcu.externaltools.gnu-tools-for-stm32.13.3.rel1.macos64_1.0.0.202411102158/tools/bin/../lib/gcc/arm-none-eabi/13.3.1/../../../../arm-none-eabi/lib/thumb/v7e-m+fp/hard/libc_nano.a(libc_a-malloc.o)
                              ./Core/Src/traffic_functions.o (malloc)
/Applications/STM32CubeIDE.app/Contents/Eclipse/plugins/com.st.stm32cube.ide.mcu.externaltools.gnu-tools-for-stm32.13.3.rel1.macos64_1.0.0.202411102158/tools/bin/../lib/gcc/arm-none-eabi/13.3.1/../../../../arm-none-eabi/lib/thumb/v7e-m+fp/hard/libc_nano.a(libc_a-mallocr.o)
                              /Applications/STM32CubeIDE.app/Contents/Eclipse/plugins/com.st.stm32cube.ide.mcu.externaltools.gnu-tools-for-stm32.13.3.rel1.macos64_1.0.0.202411102158/tools/bin/../lib/gcc/arm-none-eabi/13.3.1/../../../../arm-none-eabi/lib/thumb/v7e-m+fp/hard/libc_nano.a(libc_a-malloc.o) (_malloc_r)
/Applications/STM32CubeIDE.app/Contents/Eclipse/plugins/com.st.stm32cube.ide.mcu.externaltools.gnu-tools-for-stm32.13.3.rel1.macos64_1.0.0.202411102158/tools/bin/../lib/gcc/arm-none-eabi/13.3.1/../../../../arm-none-eabi/lib/thumb/v7e-m+fp/hard/libc_nano.a(libc_a-mlock.o)
                              /Applications/STM32CubeIDE.app/Contents/Eclipse/plugins/com.st.stm32cube.ide.mcu.externaltools.gnu-tools-for-stm32.13.3.rel1.macos64_1.0.0.202411102158/tools/bin/../lib/gcc/arm-none-eabi/13.3.1/../../../../arm-none-eabi/lib/thumb/v7e-m+fp/hard/libc_nano.a(libc_a-mallocr.o) (__malloc_lock)
/Applications/STM32CubeIDE.app/Contents/Eclipse/plugins/com.st.stm32cube.ide.mcu.externaltools.gnu-tools-for-stm32.13.3.rel1.macos64_1.0.0.202411102158/tools/bin/../lib/gcc/arm-none-eabi/13.3.1/../../../../arm-none-eabi/lib/thumb/v7e-m+fp/hard/libc_nano.a(libc_a-findfp.o)
                              ./Middlewares/Third_Party/FreeRTOS/Source/tasks.o (__sf)
/Applications/STM32CubeIDE.app/Contents/Eclipse/plugins/com.st.stm32cube.ide.mcu.externaltools.gnu-tools-for-stm32.13.3.rel1.macos64_1.0.0.202411102158/tools/bin/../lib/gcc/arm-none-eabi/13.3.1/../../../../arm-none-eabi/lib/thumb/v7e-m+fp/hard/libc_nano.a(libc_a-fwalk.o)
                              /Applications/STM32CubeIDE.app/Contents/Eclipse/plugins/com.st.stm32cube.ide.mcu.externaltools.gnu-tools-for-stm32.13.3.rel1.macos64_1.0.0.202411102158/tools/bin/../lib/gcc/arm-none-eabi/13.3.1/../../../../arm-none-eabi/lib/thumb/v7e-m+fp/hard/libc_nano.a(libc_a-findfp.o) (_fwalk_sglue)
/Applications/STM32CubeIDE.app/Contents/Eclipse/plugins/com.st.stm32cube.ide.mcu.externaltools.gnu-tools-for-stm32.13.3.rel1.macos64_1.0.0.202411102158/tools/bin/../lib/gcc/arm-none-eabi/13.3.1/../../../../arm-none-eabi/lib/thumb/v7e-m+fp/hard/libc_nano.a(libc_a-memset.o)
                              /Applications/STM32CubeIDE.app/Contents/Eclipse/plugins/com.st.stm32cube.ide.mcu.externaltools.gnu-tools-for-stm32.13.3.rel1.macos64_1.0.0.202411102158/tools/bin/../lib/gcc/arm-none-eabi/13.3.1/../../../../arm-none-eabi/lib/thumb/v7e-m+fp/hard/crt0.o (memset)
/Applications/STM32CubeIDE.app/Contents/Eclipse/plugins/com.st.stm32cube.ide.mcu.externaltools.gnu-tools-for-stm32.13.3.rel1.macos64_1.0.0.202411102158/tools/bin/../lib/gcc/arm-none-eabi/13.3.1/../../../../arm-none-eabi/lib/thumb/v7e-m+fp/hard/libc_nano.a(libc_a-sbrkr.o)
                              /Applications/STM32CubeIDE.app/Contents/Eclipse/plugins/com.st.stm32cube.ide.mcu.externaltools.gnu-tools-for-stm32.13.3.rel1.macos64_1.0.0.202411102158/tools/bin/../lib/gcc/arm-none-eabi/13.3.1/../../../../arm-none-eabi/lib/thumb/v7e-m+fp/hard/libc_nano.a(libc_a-mallocr.o) (_sbrk_r)
/Applications/STM32CubeIDE.app/Contents/Eclipse/plugins/com.st.stm32cube.ide.mcu.externaltools.gnu-tools-for-stm32.13.3.rel1.macos64_1.0.0.202411102158/tools/bin/../lib/gcc/arm-none-eabi/13.3.1/../../../../arm-none-eabi/lib/thumb/v7e-m+fp/hard/libc_nano.a(libc_a-init.o)
                              /Applications/STM32CubeIDE.app/Contents/Eclipse/plugins/com.st.stm32cube.ide.mcu.externaltools.gnu-tools-for-stm32.13.3.rel1.macos64_1.0.0.202411102158/tools/bin/../lib/gcc/arm-none-eabi/13.3.1/../../../../arm-none-eabi/lib/thumb/v7e-m+fp/hard/crt0.o (__libc_init_array)
[...]
Memory Configuration

Name             Origin             Length             Attributes
RAM              0x20000000         0x00018000         xrw
RAM2             0x10000000         0x00008000         xrw
FLASH            0x08000000         0x00100000         xr
*default*        0x00000000         0xffffffff

Linker script and memory map

LOAD /Applications/STM32CubeIDE.app/Contents/Eclipse/plugins/com.st.stm32cube.ide.mcu.externaltools.gnu-tools-for-stm32.13.3.rel1.macos64_1.0.0.202411102158/tools/bin/../lib/gcc/arm-none-eabi/13.3.1/thumb/v7e-m+fp/hard/crti.o
LOAD /Applications/STM32CubeIDE.app/Contents/Eclipse/plugins/com.st.stm32cube.ide.mcu.externaltools.gnu-tools-for-stm32.13.3.rel1.macos64_1.0.0.202411102158/tools/bin/../lib/gcc/arm-none-eabi/13.3.1/thumb/v7e-m+fp/hard/crtbegin.o
LOAD /Applications/STM32CubeIDE.app/Contents/Eclipse/plugins/com.st.stm32cube.ide.mcu.externaltools.gnu-tools-for-stm32.13.3.rel1.macos64_1.0.0.202411102158/tools/bin/../lib/gcc/arm-none-eabi/13.3.1/../../../../arm-none-eabi/lib/thumb/v7e-m+fp/hard/crt0.o
LOAD ./Core/Src/adc.o
LOAD ./Core/Src/freertos.o
LOAD ./Core/Src/gpio.o
LOAD ./Core/Src/main.o
LOAD ./Core/Src/oled_functions.o
LOAD ./Core/Src/spi.o
LOAD ./Core/Src/ssd1306.o
LOAD ./Core/Src/ssd1306_fonts.o
LOAD ./Core/Src/stm32l4xx_hal_msp.o
LOAD ./Core/Src/stm32l4xx_hal_timebase_tim.o
LOAD ./Core/Src/stm32l4xx_it.o
LOAD ./Core/Src/system_stm32l4xx.o
LOAD ./Core/Src/test.o
LOAD ./Core/Src/tim.o
LOAD ./Core/Src/traffic.o
LOAD ./Core/Src/traffic_functions.o
LOAD ./Core/Src/usart.o
LOAD ./Core/Startup/startup_stm32l476rgtx.o
LOAD ./Drivers/STM32L4xx_HAL_Driver/Src/stm32l4xx_hal.o
LOAD ./Drivers/STM32L4xx_HAL_Driver/Src/stm32l4xx_hal_adc.o
LOAD ./Drivers/STM32L4xx_HAL_Driver/Src/stm32l4xx_hal_adc_ex.o
LOAD ./Drivers/STM32L4xx_HAL_Driver/Src/stm32l4xx_hal_cortex.o
LOAD ./Drivers/STM32L4xx_HAL_Driver/Src/stm32l4xx_hal_dma.o
LOAD ./Drivers/STM32L4xx_HAL_Driver/Src/stm32l4xx_hal_dma_ex.o
LOAD ./Drivers/STM32L4xx_HAL_Driver/Src/stm32l4xx_hal_exti.o
LOAD ./Drivers/STM32L4xx_HAL_Driver/Src/stm32l4xx_hal_flash.o
LOAD ./Drivers/STM32L4xx_HAL_Driver/Src/stm32l4xx_hal_flash_ex.o
LOAD ./Drivers/STM32L4xx_HAL_Driver/Src/stm32l4xx_hal_flash_ramfunc.o
LOAD ./Drivers/STM32L4xx_HAL_Driver/Src/stm32l4xx_hal_gpio.o
LOAD ./Drivers/STM32L4xx_HAL_Driver/Src/stm32l4xx_hal_i2c.o
LOAD ./Drivers/STM32L4xx_HAL_Driver/Src/stm32l4xx_hal_i2c_ex.o
LOAD ./Drivers/STM32L4xx_HAL_Driver/Src/stm32l4xx_hal_pwr.o
LOAD ./Drivers/STM32L4xx_HAL_Driver/Src/stm32l4xx_hal_pwr_ex.o
LOAD ./Drivers/STM32L4xx_HAL_Driver/Src/stm32l4xx_hal_rcc.o
LOAD ./Drivers/STM32L4xx_HAL_Driver/Src/stm32l4xx_hal_rcc_ex.o
LOAD ./Drivers/STM32L4xx_HAL_Driver/Src/stm32l4xx_hal_spi.o
LOAD ./Drivers/STM32L4xx_HAL_Driver/Src/stm32l4xx_hal_spi_ex.o
LOAD ./Drivers/STM32L4xx_HAL_Driver/Src/stm32l4xx_hal_tim.o
LOAD ./Drivers/STM32L4xx_HAL_Driver/Src/stm32l4xx_hal_tim_ex.o
LOAD ./Drivers/STM32L4xx_HAL_Driver/Src/stm32l4xx_hal_uart.o
LOAD ./Drivers/STM32L4xx_HAL_Driver/Src/stm32l4xx_hal_uart_ex.o
LOAD ./Middlewares/Third_Party/FreeRTOS/Source/CMSIS_RTOS_V2/cmsis_os2.o
LOAD ./Middlewares/Third_Party/FreeRTOS/Source/croutine.o
LOAD ./Middlewares/Third_Party/FreeRTOS/Source/event_groups.o
LOAD ./Middlewares/Third_Party/FreeRTOS/Source/list.o
LOAD ./Middlewares/Third_Party/FreeRTOS/Source/queue.o
LOAD ./Middlewares/Third_Party/FreeRTOS/Source/stream_buffer.o
LOAD ./Middlewares/Third_Party/FreeRTOS/Source/tasks.o
LOAD ./Middlewares/Third_Party/FreeRTOS/Source/timers.o
LOAD ./Middlewares/Third_Party/FreeRTOS/Source/portable/GCC/ARM_CM4F/port.o
LOAD ./Middlewares/Third_Party/FreeRTOS/Source/portable/MemMang/heap_4.o
START GROUP
LOAD /Applications/STM32CubeIDE.app/Contents/Eclipse/plugins/com.st.stm32cube.ide.mcu.externaltools.gnu-tools-for-stm32.13.3.rel1.macos64_1.0.0.202411102158/tools/bin/../lib/gcc/arm-none-eabi/13.3.1/../../../../arm-none-eabi/lib/thumb/v7e-m+fp/hard/libc_nano.a
LOAD /Applications/STM32CubeIDE.app/Contents/Eclipse/plugins/com.st.stm32cube.ide.mcu.externaltools.gnu-tools-for-stm32.13.3.rel1.macos64_1.0.0.202411102158/tools/bin/../lib/gcc/arm-none-eabi/13.3.1/../../../../arm-none-eabi/lib/thumb/v7e-m+fp/hard/libm.a
END GROUP
START GROUP
LOAD /Applications/STM32CubeIDE.app/Contents/Eclipse/plugins/com.st.stm32cube.ide.mcu.externaltools.gnu-tools-for-stm32.13.3.rel1.macos64_1.0.0.202411102158/tools/bin/../lib/gcc/arm-none-eabi/13.3.1/thumb/v7e-m+fp/hard/libgcc.a
LOAD /Applications/STM32CubeIDE.app/Contents/Eclipse/plugins/com.st.stm32cube.ide.mcu.externaltools.gnu-tools-for-stm32.13.3.rel1.macos64_1.0.0.202411102158/tools/bin/../lib/gcc/arm-none-eabi/13.3.1/../../../../arm-none-eabi/lib/thumb/v7e-m+fp/hard/libc_nano.a
END GROUP
START GROUP
LOAD /Applications/STM32CubeIDE.app/Contents/Eclipse/plugins/com.st.stm32cube.ide.mcu.externaltools.gnu-tools-for-stm32.13.3.rel1.macos64_1.0.0.202411102158/tools/bin/../lib/gcc/arm-none-eabi/13.3.1/thumb/v7e-m+fp/hard/libgcc.a
LOAD /Applications/STM32CubeIDE.app/Contents/Eclipse/plugins/com.st.stm32cube.ide.mcu.externaltools.gnu-tools-for-stm32.13.3.rel1.macos64_1.0.0.202411102158/tools/bin/../lib/gcc/arm-none-eabi/13.3.1/../../../../arm-none-eabi/lib/thumb/v7e-m+fp/hard/libc_nano.a
LOAD /Applications/STM32CubeIDE.app/Contents/Eclipse/plugins/com.st.stm32cube.ide.mcu.externaltools.gnu-tools-for-stm32.13.3.rel1.macos64_1.0.0.202411102158/tools/bin/../lib/gcc/arm-none-eabi/13.3.1/../../../../arm-none-eabi/lib/thumb/v7e-m+fp/hard/libnosys.a
END GROUP
START GROUP
LOAD /Applications/STM32CubeIDE.app/Contents/Eclipse/plugins/com.st.stm32cube.ide.mcu.externaltools.gnu-tools-for-stm32.13.3.rel1.macos64_1.0.0.202411102158/tools/bin/../lib/gcc/arm-none-eabi/13.3.1/thumb/v7e-m+fp/hard/libgcc.a
LOAD /Applications/STM32CubeIDE.app/Contents/Eclipse/plugins/com.st.stm32cube.ide.mcu.externaltools.gnu-tools-for-stm32.13.3.rel1.macos64_1.0.0.202411102158/tools/bin/../lib/gcc/arm-none-eabi/13.3.1/../../../../arm-none-eabi/lib/thumb/v7e-m+fp/hard/libc_nano.a
LOAD /Applications/STM32CubeIDE.app/Contents/Eclipse/plugins/com.st.stm32cube.ide.mcu.externaltools.gnu-tools-for-stm32.13.3.rel1.macos64_1.0.0.202411102158/tools/bin/../lib/gcc/arm-none-eabi/13.3.1/../../../../arm-none-eabi/lib/thumb/v7e-m+fp/hard/libnosys.a
END GROUP
LOAD /Applications/STM32CubeIDE.app/Contents/Eclipse/plugins/com.st.stm32cube.ide.mcu.externaltools.gnu-tools-for-stm32.13.3.rel1.macos64_1.0.0.202411102158/tools/bin/../lib/gcc/arm-none-eabi/13.3.1/thumb/v7e-m+fp/hard/crtend.o
LOAD /Applications/STM32CubeIDE.app/Contents/Eclipse/plugins/com.st.stm32cube.ide.mcu.externaltools.gnu-tools-for-stm32.13.3.rel1.macos64_1.0.0.202411102158/tools/bin/../lib/gcc/arm-none-eabi/13.3.1/thumb/v7e-m+fp/hard/crtn.o
                0x20018000                        _estack = (ORIGIN (RAM) + LENGTH (RAM))
                0x00000200                        _Min_Heap_Size = 0x200
                0x00000400                        _Min_Stack_Size = 0x400

.isr_vector     0x08000000      0x188
                0x08000000                        . = ALIGN (0x4)
 *(.isr_vector)
 .isr_vector    0x08000000      0x188 ./Core/Startup/startup_stm32l476rgtx.o
                0x08000000                g_pfnVectors
                0x08000188                        . = ALIGN (0x4)

.text           0x08000190     0xb5f0
                0x08000190                        . = ALIGN (0x4)
 *(.text)
 .text          0x08000190       0x40 /Applications/STM32CubeIDE.app/Contents/Eclipse/plugins/com.st.stm32cube.ide.mcu.externaltools.gnu-tools-for-stm32.13.3.rel1.macos64_1.0.0.202411102158/tools/bin/../lib/gcc/arm-none-eabi/13.3.1/thumb/v7e-m+fp/hard/crtbegin.o
 .text          0x080001d0       0x30 /Applications/STM32CubeIDE.app/Contents/Eclipse/plugins/com.st.stm32cube.ide.mcu.externaltools.gnu-tools-for-stm32.13.3.rel1.macos64_1.0.0.202411102158/tools/bin/../lib/gcc/arm-none-eabi/13.3.1/thumb/v7e-m+fp/hard/libgcc.a(_aeabi_uldivmod.o)
                0x080001d0                __aeabi_uldivmod
 .text          0x08000200      0x2f8 /Applications/STM32CubeIDE.app/Contents/Eclipse/plugins/com.st.stm32cube.ide.mcu.externaltools.gnu-tools-for-stm32.13.3.rel1.macos64_1.0.0.202411102158/tools/bin/../lib/gcc/arm-none-eabi/13.3.1/thumb/v7e-m+fp/hard/libgcc.a(_udivmoddi4.o)
                0x08000200                __udivmoddi4
 .text          0x080004f8        0x4 /Applications/STM32CubeIDE.app/Contents/Eclipse/plugins/com.st.stm32cube.ide.mcu.externaltools.gnu-tools-for-stm32.13.3.rel1.macos64_1.0.0.202411102158/tools/bin/../lib/gcc/arm-none-eabi/13.3.1/thumb/v7e-m+fp/hard/libgcc.a(_dvmd_tls.o)
                0x080004f8                __aeabi_ldiv0
                0x080004f8                __aeabi_idiv0
 *(.text*)
 .text.MX_ADC1_Init
                0x080004fc       0xec ./Core/Src/adc.o
                0x080004fc                MX_ADC1_Init
 .text.HAL_ADC_MspInit
                0x080005e8       0xd4 ./Core/Src/adc.o
                0x080005e8                HAL_ADC_MspInit
 .text.MX_FREERTOS_Init
                0x080006bc      0x170 ./Core/Src/freertos.o
                0x080006bc                MX_FREERTOS_Init
 .text.StartDefaultTask
                0x0800082c       0x10 ./Core/Src/freertos.o
                0x0800082c                StartDefaultTask
 .text.TLHandler
                0x0800083c      0x600 ./Core/Src/freertos.o
                0x0800083c                TLHandler
 .text.PLHandler
                0x08000e3c       0xa8 ./Core/Src/freertos.o
                0x08000e3c                PLHandler
 .text.InHandler
                0x08000ee4      0x1ac ./Core/Src/freertos.o
                0x08000ee4                InHandler
 .text.blinkTask
                0x08001090       0xa4 ./Core/Src/freertos.o
                0x08001090                blinkTask
 .text.OLHandler
                0x08001134      0x17c ./Core/Src/freertos.o
                0x08001134                OLHandler
 .text.MX_GPIO_Init
                0x080012b0      0x178 ./Core/Src/gpio.o
                0x080012b0                MX_GPIO_Init
 .text.main     0x08001428       0x48 ./Core/Src/main.o
                0x08001428                main
 .text.SystemClock_Config
                0x08001470       0xa2 ./Core/Src/main.o
                0x08001470                SystemClock_Config
 *fill*         0x08001512        0x2 
 .text.HAL_TIM_PeriodElapsedCallback
                0x08001514       0x24 ./Core/Src/main.o
                0x08001514                HAL_TIM_PeriodElapsedCallback
 .text.Error_Handler
                0x08001538        0xc ./Core/Src/main.o
                0x08001538                Error_Handler
 .text.startBar
                0x08001544       0x78 ./Core/Src/oled_functions.o
                0x08001544                startBar
 .text.stopBar  0x080015bc       0x70 ./Core/Src/oled_functions.o
                0x080015bc                stopBar
 .text.drawTitles
                0x0800162c       0xe0 ./Core/Src/oled_functions.o
                0x0800162c                drawTitles
 .text.drawBarOutlines
                0x0800170c       0x4e ./Core/Src/oled_functions.o
                0x0800170c                drawBarOutlines
 .text.drawBars
                0x0800175a       0x66 ./Core/Src/oled_functions.o
                0x0800175a                drawBars
 .text.MX_SPI2_Init
                0x080017c0       0x7c ./Core/Src/spi.o
                0x080017c0                MX_SPI2_Init
 .text.MX_SPI3_Init
                0x0800183c       0x7c ./Core/Src/spi.o
                0x0800183c                MX_SPI3_Init
 .text.HAL_SPI_MspInit
                0x080018b8      0x160 ./Core/Src/spi.o
                0x080018b8                HAL_SPI_MspInit
 .text.ssd1306_Reset
                0x08001a18       0x3c ./Core/Src/ssd1306.o
                0x08001a18                ssd1306_Reset
 .text.ssd1306_WriteCommand
                0x08001a54       0x4c ./Core/Src/ssd1306.o
                0x08001a54                ssd1306_WriteCommand
 .text.ssd1306_WriteData
                0x08001aa0       0x50 ./Core/Src/ssd1306.o
                0x08001aa0                ssd1306_WriteData
 .text.ssd1306_Init
                0x08001af0       0xd4 ./Core/Src/ssd1306.o
                0x08001af0                ssd1306_Init
 .text.ssd1306_Fill
                0x08001bc4       0x30 ./Core/Src/ssd1306.o
                0x08001bc4                ssd1306_Fill
 .text.ssd1306_UpdateScreen
                0x08001bf4       0x50 ./Core/Src/ssd1306.o
                0x08001bf4                ssd1306_UpdateScreen
 .text.ssd1306_DrawPixel
                0x08001c44       0xa8 ./Core/Src/ssd1306.o
                0x08001c44                ssd1306_DrawPixel
 .text.ssd1306_WriteChar
                0x08001cec      0x124 ./Core/Src/ssd1306.o
                0x08001cec                ssd1306_WriteChar
 .text.ssd1306_WriteString
                0x08001e10       0x4c ./Core/Src/ssd1306.o
                0x08001e10                ssd1306_WriteString
 .text.ssd1306_SetCursor
                0x08001e5c       0x30 ./Core/Src/ssd1306.o
                0x08001e5c                ssd1306_SetCursor
 .text.ssd1306_Line
                0x08001e8c       0xd8 ./Core/Src/ssd1306.o
                0x08001e8c                ssd1306_Line
 .text.ssd1306_DrawRectangle
                0x08001f64       0x6e ./Core/Src/ssd1306.o
                0x08001f64                ssd1306_DrawRectangle
 .text.ssd1306_FillRectangle
                0x08001fd2       0x9c ./Core/Src/ssd1306.o
                0x08001fd2                ssd1306_FillRectangle
 .text.ssd1306_SetContrast
                0x0800206e       0x26 ./Core/Src/ssd1306.o
                0x0800206e                ssd1306_SetContrast
 .text.ssd1306_SetDisplayOn
                0x08002094       0x3c ./Core/Src/ssd1306.o
                0x08002094                ssd1306_SetDisplayOn
 .text.HAL_MspInit
                0x080020d0       0x50 ./Core/Src/stm32l4xx_hal_msp.o
                0x080020d0                HAL_MspInit
 .text.HAL_InitTick
                0x08002120       0xdc ./Core/Src/stm32l4xx_hal_timebase_tim.o
                0x08002120                HAL_InitTick
 .text.NMI_Handler
                0x080021fc        0x8 ./Core/Src/stm32l4xx_it.o
                0x080021fc                NMI_Handler
 .text.HardFault_Handler
                0x08002204        0x8 ./Core/Src/stm32l4xx_it.o
                0x08002204                HardFault_Handler
 .text.MemManage_Handler
                0x0800220c        0x8 ./Core/Src/stm32l4xx_it.o
                0x0800220c                MemManage_Handler
 .text.BusFault_Handler
                0x08002214        0x8 ./Core/Src/stm32l4xx_it.o
                0x08002214                BusFault_Handler
 .text.UsageFault_Handler
                0x0800221c        0x8 ./Core/Src/stm32l4xx_it.o
                0x0800221c                UsageFault_Handler
 .text.DebugMon_Handler
                0x08002224        0xe ./Core/Src/stm32l4xx_it.o
                0x08002224                DebugMon_Handler
 *fill*         0x08002232        0x2 
 .text.TIM1_UP_TIM16_IRQHandler
                0x08002234       0x14 ./Core/Src/stm32l4xx_it.o
                0x08002234                TIM1_UP_TIM16_IRQHandler
 .text.SystemInit
                0x08002248       0x24 ./Core/Src/system_stm32l4xx.o
                0x08002248                SystemInit
 .text.MX_TIM2_Init
                0x0800226c       0x9c ./Core/Src/tim.o
                0x0800226c                MX_TIM2_Init
 .text.MX_TIM3_Init
                0x08002308       0xf0 ./Core/Src/tim.o
                0x08002308                MX_TIM3_Init
 .text.HAL_TIM_Base_MspInit
                0x080023f8       0x64 ./Core/Src/tim.o
                0x080023f8                HAL_TIM_Base_MspInit
 .text.HAL_TIM_MspPostInit
                0x0800245c       0x70 ./Core/Src/tim.o
                0x0800245c                HAL_TIM_MspPostInit
 .text.Send_Instruction
                0x080024cc       0x70 ./Core/Src/traffic_functions.o
                0x080024cc                Send_Instruction
 .text.update_instruction
                0x0800253c       0x64 ./Core/Src/traffic_functions.o
                0x0800253c                update_instruction
 .text.MX_USART2_UART_Init
                0x080025a0       0x60 ./Core/Src/usart.o
                0x080025a0                MX_USART2_UART_Init
 .text.HAL_UART_MspInit
                0x08002600       0xb8 ./Core/Src/usart.o
                0x08002600                HAL_UART_MspInit
 .text.Reset_Handler
                0x080026b8       0x50 ./Core/Startup/startup_stm32l476rgtx.o
                0x080026b8                Reset_Handler
 .text.Default_Handler
                0x08002708        0x2 ./Core/Startup/startup_stm32l476rgtx.o
                0x08002708                TIM1_BRK_TIM15_IRQHandler
                0x08002708                EXTI2_IRQHandler
                0x08002708                TIM8_TRG_COM_IRQHandler
                0x08002708                TIM8_CC_IRQHandler
                0x08002708                TIM1_CC_IRQHandler
                0x08002708                TSC_IRQHandler
                0x08002708                TAMP_STAMP_IRQHandler
                0x08002708                EXTI3_IRQHandler
                0x08002708                LPTIM2_IRQHandler
                0x08002708                DFSDM1_FLT1_IRQHandler
                0x08002708                I2C3_ER_IRQHandler
                0x08002708                DFSDM1_FLT2_IRQHandler
                0x08002708                EXTI0_IRQHandler
                0x08002708                I2C2_EV_IRQHandler
                0x08002708                CAN1_RX0_IRQHandler
                0x08002708                FPU_IRQHandler
                0x08002708                ADC1_2_IRQHandler
                0x08002708                SPI1_IRQHandler
                0x08002708                TIM6_DAC_IRQHandler
                0x08002708                TIM8_UP_IRQHandler
                0x08002708                DMA2_Channel2_IRQHandler
                0x08002708                DMA1_Channel4_IRQHandler
                0x08002708                SAI2_IRQHandler
                0x08002708                DFSDM1_FLT3_IRQHandler
                0x08002708                USART3_IRQHandler
                0x08002708                DMA1_Channel7_IRQHandler
                0x08002708                CAN1_RX1_IRQHandler
                0x08002708                LCD_IRQHandler
                0x08002708                UART5_IRQHandler
                0x08002708                ADC3_IRQHandler
                0x08002708                TIM4_IRQHandler
                0x08002708                DMA2_Channel1_IRQHandler
                0x08002708                QUADSPI_IRQHandler
                0x08002708                I2C1_EV_IRQHandler
                0x08002708                DMA1_Channel6_IRQHandler
                0x08002708                UART4_IRQHandler
                0x08002708                DMA2_Channel4_IRQHandler
                0x08002708                TIM3_IRQHandler
                0x08002708                RCC_IRQHandler
                0x08002708                DMA1_Channel1_IRQHandler
                0x08002708                Default_Handler
                0x08002708                DMA2_Channel7_IRQHandler
                0x08002708                EXTI15_10_IRQHandler
                0x08002708                TIM7_IRQHandler
                0x08002708                SDMMC1_IRQHandler
                0x08002708                TIM5_IRQHandler
                0x08002708                I2C3_EV_IRQHandler
                0x08002708                EXTI9_5_IRQHandler
                0x08002708                RTC_WKUP_IRQHandler
                0x08002708                PVD_PVM_IRQHandler
                0x08002708                SPI2_IRQHandler
                0x08002708                CAN1_TX_IRQHandler
                0x08002708                DMA2_Channel5_IRQHandler
                0x08002708                DMA1_Channel5_IRQHandler
                0x08002708                EXTI4_IRQHandler
                0x08002708                RNG_IRQHandler
                0x08002708                TIM1_TRG_COM_TIM17_IRQHandler
                0x08002708                DMA1_Channel3_IRQHandler
                0x08002708                COMP_IRQHandler
                0x08002708                WWDG_IRQHandler
                0x08002708                LPUART1_IRQHandler
                0x08002708                DMA2_Channel6_IRQHandler
                0x08002708                TIM2_IRQHandler
                0x08002708                EXTI1_IRQHandler
                0x08002708                USART2_IRQHandler
                0x08002708                DFSDM1_FLT0_IRQHandler
                0x08002708                I2C2_ER_IRQHandler
                0x08002708                DMA1_Channel2_IRQHandler
                0x08002708                TIM8_BRK_IRQHandler
                0x08002708                CAN1_SCE_IRQHandler
                0x08002708                FLASH_IRQHandler
                0x08002708                USART1_IRQHandler
                0x08002708                OTG_FS_IRQHandler
                0x08002708                SPI3_IRQHandler
                0x08002708                I2C1_ER_IRQHandler
                0x08002708                FMC_IRQHandler
                0x08002708                SWPMI1_IRQHandler
                0x08002708                LPTIM1_IRQHandler
                0x08002708                SAI1_IRQHandler
                0x08002708                DMA2_Channel3_IRQHandler
                0x08002708                RTC_Alarm_IRQHandler
 *fill*         0x0800270a        0x2 
 .text.HAL_Init
                0x0800270c       0x40 ./Drivers/STM32L4xx_HAL_Driver/Src/stm32l4xx_hal.o
                0x0800270c                HAL_Init
 .text.HAL_IncTick
                0x0800274c       0x28 ./Drivers/STM32L4xx_HAL_Driver/Src/stm32l4xx_hal.o
                0x0800274c                HAL_IncTick
 .text.HAL_GetTick
                0x08002774       0x18 ./Drivers/STM32L4xx_HAL_Driver/Src/stm32l4xx_hal.o
                0x08002774                HAL_GetTick
 .text.HAL_Delay
                0x0800278c       0x48 ./Drivers/STM32L4xx_HAL_Driver/Src/stm32l4xx_hal.o
                0x0800278c                HAL_Delay
 .text.LL_ADC_SetCommonClock
                0x080027d4       0x26 ./Drivers/STM32L4xx_HAL_Driver/Src/stm32l4xx_hal_adc.o
 .text.LL_ADC_SetCommonPathInternalCh
                0x080027fa       0x26 ./Drivers/STM32L4xx_HAL_Driver/Src/stm32l4xx_hal_adc.o
 .text.LL_ADC_GetCommonPathInternalCh
                0x08002820       0x1c ./Drivers/STM32L4xx_HAL_Driver/Src/stm32l4xx_hal_adc.o
 .text.LL_ADC_SetOffset
                0x0800283c       0x48 ./Drivers/STM32L4xx_HAL_Driver/Src/stm32l4xx_hal_adc.o
 .text.LL_ADC_GetOffsetChannel
                0x08002884       0x2c ./Drivers/STM32L4xx_HAL_Driver/Src/stm32l4xx_hal_adc.o
 .text.LL_ADC_SetOffsetState
                0x080028b0       0x36 ./Drivers/STM32L4xx_HAL_Driver/Src/stm32l4xx_hal_adc.o
 .text.LL_ADC_REG_IsTriggerSourceSWStart
                0x080028e6       0x26 ./Drivers/STM32L4xx_HAL_Driver/Src/stm32l4xx_hal_adc.o
 .text.LL_ADC_REG_SetSequencerRanks
                0x0800290c       0x58 ./Drivers/STM32L4xx_HAL_Driver/Src/stm32l4xx_hal_adc.o
 .text.LL_ADC_SetChannelSamplingTime
                0x08002964       0x56 ./Drivers/STM32L4xx_HAL_Driver/Src/stm32l4xx_hal_adc.o
 *fill*         0x080029ba        0x2 
 .text.LL_ADC_SetChannelSingleDiff
                0x080029bc       0x48 ./Drivers/STM32L4xx_HAL_Driver/Src/stm32l4xx_hal_adc.o
 .text.LL_ADC_GetMultimode
                0x08002a04       0x1c ./Drivers/STM32L4xx_HAL_Driver/Src/stm32l4xx_hal_adc.o
 .text.LL_ADC_GetMultiDMATransfer
                0x08002a20       0x1c ./Drivers/STM32L4xx_HAL_Driver/Src/stm32l4xx_hal_adc.o
 .text.LL_ADC_DisableDeepPowerDown
                0x08002a3c       0x24 ./Drivers/STM32L4xx_HAL_Driver/Src/stm32l4xx_hal_adc.o
 .text.LL_ADC_IsDeepPowerDownEnabled
                0x08002a60       0x28 ./Drivers/STM32L4xx_HAL_Driver/Src/stm32l4xx_hal_adc.o
 .text.LL_ADC_EnableInternalRegulator
                0x08002a88       0x28 ./Drivers/STM32L4xx_HAL_Driver/Src/stm32l4xx_hal_adc.o
 .text.LL_ADC_IsInternalRegulatorEnabled
                0x08002ab0       0x28 ./Drivers/STM32L4xx_HAL_Driver/Src/stm32l4xx_hal_adc.o
 .text.LL_ADC_Enable
                0x08002ad8       0x28 ./Drivers/STM32L4xx_HAL_Driver/Src/stm32l4xx_hal_adc.o
 .text.LL_ADC_IsEnabled
                0x08002b00       0x26 ./Drivers/STM32L4xx_HAL_Driver/Src/stm32l4xx_hal_adc.o
 .text.LL_ADC_REG_StartConversion
                0x08002b26       0x28 ./Drivers/STM32L4xx_HAL_Driver/Src/stm32l4xx_hal_adc.o
 .text.LL_ADC_REG_IsConversionOngoing
                0x08002b4e       0x26 ./Drivers/STM32L4xx_HAL_Driver/Src/stm32l4xx_hal_adc.o
 .text.LL_ADC_INJ_IsConversionOngoing
                0x08002b74       0x26 ./Drivers/STM32L4xx_HAL_Driver/Src/stm32l4xx_hal_adc.o
 *fill*         0x08002b9a        0x2 
 .text.HAL_ADC_Init
                0x08002b9c      0x2a0 ./Drivers/STM32L4xx_HAL_Driver/Src/stm32l4xx_hal_adc.o
                0x08002b9c                HAL_ADC_Init
 .text.HAL_ADC_Start
                0x08002e3c      0x174 ./Drivers/STM32L4xx_HAL_Driver/Src/stm32l4xx_hal_adc.o
                0x08002e3c                HAL_ADC_Start
 .text.HAL_ADC_PollForConversion
                0x08002fb0      0x1b0 ./Drivers/STM32L4xx_HAL_Driver/Src/stm32l4xx_hal_adc.o
                0x08002fb0                HAL_ADC_PollForConversion
 .text.HAL_ADC_GetValue
                0x08003160       0x1a ./Drivers/STM32L4xx_HAL_Driver/Src/stm32l4xx_hal_adc.o
                0x08003160                HAL_ADC_GetValue
 *fill*         0x0800317a        0x2 
 .text.HAL_ADC_ConfigChannel
                0x0800317c      0x7e4 ./Drivers/STM32L4xx_HAL_Driver/Src/stm32l4xx_hal_adc.o
                0x0800317c                HAL_ADC_ConfigChannel
 .text.ADC_Enable
                0x08003960      0x10c ./Drivers/STM32L4xx_HAL_Driver/Src/stm32l4xx_hal_adc.o
                0x08003960                ADC_Enable
 .text.LL_ADC_IsEnabled
                0x08003a6c       0x26 ./Drivers/STM32L4xx_HAL_Driver/Src/stm32l4xx_hal_adc_ex.o
 .text.LL_ADC_REG_IsConversionOngoing
                0x08003a92       0x26 ./Drivers/STM32L4xx_HAL_Driver/Src/stm32l4xx_hal_adc_ex.o
 .text.HAL_ADCEx_MultiModeConfigChannel
                0x08003ab8      0x160 ./Drivers/STM32L4xx_HAL_Driver/Src/stm32l4xx_hal_adc_ex.o
                0x08003ab8                HAL_ADCEx_MultiModeConfigChannel
 .text.__NVIC_SetPriorityGrouping
                0x08003c18       0x48 ./Drivers/STM32L4xx_HAL_Driver/Src/stm32l4xx_hal_cortex.o
 .text.__NVIC_GetPriorityGrouping
                0x08003c60       0x1c ./Drivers/STM32L4xx_HAL_Driver/Src/stm32l4xx_hal_cortex.o
 .text.__NVIC_EnableIRQ
                0x08003c7c       0x3c ./Drivers/STM32L4xx_HAL_Driver/Src/stm32l4xx_hal_cortex.o
 .text.__NVIC_SetPriority
                0x08003cb8       0x54 ./Drivers/STM32L4xx_HAL_Driver/Src/stm32l4xx_hal_cortex.o
 .text.NVIC_EncodePriority
                0x08003d0c       0x66 ./Drivers/STM32L4xx_HAL_Driver/Src/stm32l4xx_hal_cortex.o
 .text.HAL_NVIC_SetPriorityGrouping
                0x08003d72       0x16 ./Drivers/STM32L4xx_HAL_Driver/Src/stm32l4xx_hal_cortex.o
                0x08003d72                HAL_NVIC_SetPriorityGrouping
 .text.HAL_NVIC_SetPriority
                0x08003d88       0x38 ./Drivers/STM32L4xx_HAL_Driver/Src/stm32l4xx_hal_cortex.o
                0x08003d88                HAL_NVIC_SetPriority
 .text.HAL_NVIC_EnableIRQ
                0x08003dc0       0x1c ./Drivers/STM32L4xx_HAL_Driver/Src/stm32l4xx_hal_cortex.o
                0x08003dc0                HAL_NVIC_EnableIRQ
 .text.HAL_GPIO_Init
                0x08003ddc      0x354 ./Drivers/STM32L4xx_HAL_Driver/Src/stm32l4xx_hal_gpio.o
                0x08003ddc                HAL_GPIO_Init
 .text.HAL_GPIO_ReadPin
                0x08004130       0x30 ./Drivers/STM32L4xx_HAL_Driver/Src/stm32l4xx_hal_gpio.o
                0x08004130                HAL_GPIO_ReadPin
 .text.HAL_GPIO_WritePin
                0x08004160       0x30 ./Drivers/STM32L4xx_HAL_Driver/Src/stm32l4xx_hal_gpio.o
                0x08004160                HAL_GPIO_WritePin
 .text.HAL_PWREx_GetVoltageRange
                0x08004190       0x1c ./Drivers/STM32L4xx_HAL_Driver/Src/stm32l4xx_hal_pwr_ex.o
                0x08004190                HAL_PWREx_GetVoltageRange
 .text.HAL_PWREx_ControlVoltageScaling
                0x080041ac       0xac ./Drivers/STM32L4xx_HAL_Driver/Src/stm32l4xx_hal_pwr_ex.o
                0x080041ac                HAL_PWREx_ControlVoltageScaling
 .text.HAL_RCC_OscConfig
                0x08004258      0x7b8 ./Drivers/STM32L4xx_HAL_Driver/Src/stm32l4xx_hal_rcc.o
                0x08004258                HAL_RCC_OscConfig
 .text.HAL_RCC_ClockConfig
                0x08004a10      0x200 ./Drivers/STM32L4xx_HAL_Driver/Src/stm32l4xx_hal_rcc.o
                0x08004a10                HAL_RCC_ClockConfig
 .text.HAL_RCC_GetSysClockFreq
                0x08004c10      0x118 ./Drivers/STM32L4xx_HAL_Driver/Src/stm32l4xx_hal_rcc.o
                0x08004c10                HAL_RCC_GetSysClockFreq
 .text.HAL_RCC_GetHCLKFreq
                0x08004d28       0x18 ./Drivers/STM32L4xx_HAL_Driver/Src/stm32l4xx_hal_rcc.o
                0x08004d28                HAL_RCC_GetHCLKFreq
 .text.HAL_RCC_GetPCLK1Freq
                0x08004d40       0x2c ./Drivers/STM32L4xx_HAL_Driver/Src/stm32l4xx_hal_rcc.o
                0x08004d40                HAL_RCC_GetPCLK1Freq
 .text.HAL_RCC_GetPCLK2Freq
                0x08004d6c       0x2c ./Drivers/STM32L4xx_HAL_Driver/Src/stm32l4xx_hal_rcc.o
                0x08004d6c                HAL_RCC_GetPCLK2Freq
 .text.HAL_RCC_GetClockConfig
                0x08004d98       0x64 ./Drivers/STM32L4xx_HAL_Driver/Src/stm32l4xx_hal_rcc.o
                0x08004d98                HAL_RCC_GetClockConfig
 .text.RCC_SetFlashLatencyFromMSIRange
                0x08004dfc       0xc0 ./Drivers/STM32L4xx_HAL_Driver/Src/stm32l4xx_hal_rcc.o
 .text.HAL_RCCEx_PeriphCLKConfig
                0x08004ebc      0x5d4 ./Drivers/STM32L4xx_HAL_Driver/Src/stm32l4xx_hal_rcc_ex.o
                0x08004ebc                HAL_RCCEx_PeriphCLKConfig
 .text.RCCEx_PLLSAI1_Config
                0x08005490      0x1e8 ./Drivers/STM32L4xx_HAL_Driver/Src/stm32l4xx_hal_rcc_ex.o
 .text.RCCEx_PLLSAI2_Config
                0x08005678      0x1bc ./Drivers/STM32L4xx_HAL_Driver/Src/stm32l4xx_hal_rcc_ex.o
 .text.HAL_SPI_Init
                0x08005834      0x146 ./Drivers/STM32L4xx_HAL_Driver/Src/stm32l4xx_hal_spi.o
                0x08005834                HAL_SPI_Init
 .text.HAL_SPI_Transmit
                0x0800597a      0x2ec ./Drivers/STM32L4xx_HAL_Driver/Src/stm32l4xx_hal_spi.o
                0x0800597a                HAL_SPI_Transmit
 *fill*         0x08005c66        0x2 
 .text.SPI_WaitFlagStateUntilTimeout
                0x08005c68      0x110 ./Drivers/STM32L4xx_HAL_Driver/Src/stm32l4xx_hal_spi.o
 .text.SPI_WaitFifoStateUntilTimeout
                0x08005d78      0x12c ./Drivers/STM32L4xx_HAL_Driver/Src/stm32l4xx_hal_spi.o
 .text.SPI_EndRxTxTransaction
                0x08005ea4       0x8c ./Drivers/STM32L4xx_HAL_Driver/Src/stm32l4xx_hal_spi.o
 .text.HAL_TIM_Base_Init
                0x08005f30       0xae ./Drivers/STM32L4xx_HAL_Driver/Src/stm32l4xx_hal_tim.o
                0x08005f30                HAL_TIM_Base_Init
 *fill*         0x08005fde        0x2 
 .text.HAL_TIM_Base_Start_IT
                0x08005fe0       0xe0 ./Drivers/STM32L4xx_HAL_Driver/Src/stm32l4xx_hal_tim.o
                0x08005fe0                HAL_TIM_Base_Start_IT
 .text.HAL_TIM_PWM_Init
                0x080060c0       0xae ./Drivers/STM32L4xx_HAL_Driver/Src/stm32l4xx_hal_tim.o
                0x080060c0                HAL_TIM_PWM_Init
 .text.HAL_TIM_PWM_MspInit
                0x0800616e       0x14 ./Drivers/STM32L4xx_HAL_Driver/Src/stm32l4xx_hal_tim.o
                0x0800616e                HAL_TIM_PWM_MspInit
 *fill*         0x08006182        0x2 
 .text.HAL_TIM_PWM_Start
                0x08006184      0x20c ./Drivers/STM32L4xx_HAL_Driver/Src/stm32l4xx_hal_tim.o
                0x08006184                HAL_TIM_PWM_Start
 .text.HAL_TIM_IRQHandler
                0x08006390      0x20e ./Drivers/STM32L4xx_HAL_Driver/Src/stm32l4xx_hal_tim.o
                0x08006390                HAL_TIM_IRQHandler
 *fill*         0x0800659e        0x2 
 .text.HAL_TIM_PWM_ConfigChannel
                0x080065a0      0x228 ./Drivers/STM32L4xx_HAL_Driver/Src/stm32l4xx_hal_tim.o
                0x080065a0                HAL_TIM_PWM_ConfigChannel
 .text.HAL_TIM_ConfigClockSource
                0x080067c8      0x192 ./Drivers/STM32L4xx_HAL_Driver/Src/stm32l4xx_hal_tim.o
                0x080067c8                HAL_TIM_ConfigClockSource
 .text.HAL_TIM_OC_DelayElapsedCallback
                0x0800695a       0x14 ./Drivers/STM32L4xx_HAL_Driver/Src/stm32l4xx_hal_tim.o
                0x0800695a                HAL_TIM_OC_DelayElapsedCallback
 .text.HAL_TIM_IC_CaptureCallback
                0x0800696e       0x14 ./Drivers/STM32L4xx_HAL_Driver/Src/stm32l4xx_hal_tim.o
                0x0800696e                HAL_TIM_IC_CaptureCallback
 .text.HAL_TIM_PWM_PulseFinishedCallback
                0x08006982       0x14 ./Drivers/STM32L4xx_HAL_Driver/Src/stm32l4xx_hal_tim.o
                0x08006982                HAL_TIM_PWM_PulseFinishedCallback
 .text.HAL_TIM_TriggerCallback
                0x08006996       0x14 ./Drivers/STM32L4xx_HAL_Driver/Src/stm32l4xx_hal_tim.o
                0x08006996                HAL_TIM_TriggerCallback
 *fill*         0x080069aa        0x2 
 .text.TIM_Base_SetConfig
                0x080069ac      0x14c ./Drivers/STM32L4xx_HAL_Driver/Src/stm32l4xx_hal_tim.o
                0x080069ac                TIM_Base_SetConfig
 .text.TIM_OC1_SetConfig
                0x08006af8      0x120 ./Drivers/STM32L4xx_HAL_Driver/Src/stm32l4xx_hal_tim.o
 .text.TIM_OC2_SetConfig
                0x08006c18      0x114 ./Drivers/STM32L4xx_HAL_Driver/Src/stm32l4xx_hal_tim.o
                0x08006c18                TIM_OC2_SetConfig
 .text.TIM_OC3_SetConfig
                0x08006d2c      0x110 ./Drivers/STM32L4xx_HAL_Driver/Src/stm32l4xx_hal_tim.o
 .text.TIM_OC4_SetConfig
                0x08006e3c       0xd4 ./Drivers/STM32L4xx_HAL_Driver/Src/stm32l4xx_hal_tim.o
 .text.TIM_OC5_SetConfig
                0x08006f10       0xc8 ./Drivers/STM32L4xx_HAL_Driver/Src/stm32l4xx_hal_tim.o
 .text.TIM_OC6_SetConfig
                0x08006fd8       0xcc ./Drivers/STM32L4xx_HAL_Driver/Src/stm32l4xx_hal_tim.o
 .text.TIM_TI1_ConfigInputStage
                0x080070a4       0x5e ./Drivers/STM32L4xx_HAL_Driver/Src/stm32l4xx_hal_tim.o
 .text.TIM_TI2_ConfigInputStage
                0x08007102       0x60 ./Drivers/STM32L4xx_HAL_Driver/Src/stm32l4xx_hal_tim.o
 .text.TIM_ITRx_SetConfig
                0x08007162       0x36 ./Drivers/STM32L4xx_HAL_Driver/Src/stm32l4xx_hal_tim.o
 .text.TIM_ETR_SetConfig
                0x08007198       0x40 ./Drivers/STM32L4xx_HAL_Driver/Src/stm32l4xx_hal_tim.o
                0x08007198                TIM_ETR_SetConfig
 .text.TIM_CCxChannelCmd
                0x080071d8       0x4a ./Drivers/STM32L4xx_HAL_Driver/Src/stm32l4xx_hal_tim.o
                0x080071d8                TIM_CCxChannelCmd
 *fill*         0x08007222        0x2 
 .text.HAL_TIMEx_MasterConfigSynchronization
                0x08007224      0x110 ./Drivers/STM32L4xx_HAL_Driver/Src/stm32l4xx_hal_tim_ex.o
                0x08007224                HAL_TIMEx_MasterConfigSynchronization
 .text.HAL_TIMEx_CommutCallback
                0x08007334       0x14 ./Drivers/STM32L4xx_HAL_Driver/Src/stm32l4xx_hal_tim_ex.o
                0x08007334                HAL_TIMEx_CommutCallback
 .text.HAL_TIMEx_BreakCallback
                0x08007348       0x14 ./Drivers/STM32L4xx_HAL_Driver/Src/stm32l4xx_hal_tim_ex.o
                0x08007348                HAL_TIMEx_BreakCallback
 .text.HAL_TIMEx_Break2Callback
                0x0800735c       0x14 ./Drivers/STM32L4xx_HAL_Driver/Src/stm32l4xx_hal_tim_ex.o
                0x0800735c                HAL_TIMEx_Break2Callback
 .text.HAL_UART_Init
                0x08007370       0x9c ./Drivers/STM32L4xx_HAL_Driver/Src/stm32l4xx_hal_uart.o
                0x08007370                HAL_UART_Init
 .text.UART_SetConfig
                0x0800740c      0x570 ./Drivers/STM32L4xx_HAL_Driver/Src/stm32l4xx_hal_uart.o
                0x0800740c                UART_SetConfig
 .text.UART_AdvFeatureConfig
                0x0800797c      0x144 ./Drivers/STM32L4xx_HAL_Driver/Src/stm32l4xx_hal_uart.o
                0x0800797c                UART_AdvFeatureConfig
 .text.UART_CheckIdleState
                0x08007ac0      0x150 ./Drivers/STM32L4xx_HAL_Driver/Src/stm32l4xx_hal_uart.o
                0x08007ac0                UART_CheckIdleState
 .text.UART_WaitOnFlagUntilTimeout
                0x08007c10       0xda ./Drivers/STM32L4xx_HAL_Driver/Src/stm32l4xx_hal_uart.o
                0x08007c10                UART_WaitOnFlagUntilTimeout
 .text.UART_EndRxTransfer
                0x08007cea       0xc8 ./Drivers/STM32L4xx_HAL_Driver/Src/stm32l4xx_hal_uart.o
 *fill*         0x08007db2        0x2 
 .text.__NVIC_SetPriority
                0x08007db4       0x54 ./Middlewares/Third_Party/FreeRTOS/Source/CMSIS_RTOS_V2/cmsis_os2.o
 .text.SysTick_Handler
                0x08007e08       0x20 ./Middlewares/Third_Party/FreeRTOS/Source/CMSIS_RTOS_V2/cmsis_os2.o
                0x08007e08                SysTick_Handler
 .text.SVC_Setup
                0x08007e28       0x12 ./Middlewares/Third_Party/FreeRTOS/Source/CMSIS_RTOS_V2/cmsis_os2.o
 *fill*         0x08007e3a        0x2 
 .text.osKernelInitialize
                0x08007e3c       0x48 ./Middlewares/Third_Party/FreeRTOS/Source/CMSIS_RTOS_V2/cmsis_os2.o
                0x08007e3c                osKernelInitialize
 .text.osKernelStart
                0x08007e84       0x4c ./Middlewares/Third_Party/FreeRTOS/Source/CMSIS_RTOS_V2/cmsis_os2.o
                0x08007e84                osKernelStart
 .text.osThreadNew
                0x08007ed0      0x124 ./Middlewares/Third_Party/FreeRTOS/Source/CMSIS_RTOS_V2/cmsis_os2.o
                0x08007ed0                osThreadNew
 .text.osDelay  0x08007ff4       0x36 ./Middlewares/Third_Party/FreeRTOS/Source/CMSIS_RTOS_V2/cmsis_os2.o
                0x08007ff4                osDelay
 *fill*         0x0800802a        0x2 
 .text.vApplicationGetIdleTaskMemory
                0x0800802c       0x34 ./Middlewares/Third_Party/FreeRTOS/Source/CMSIS_RTOS_V2/cmsis_os2.o
                0x0800802c                vApplicationGetIdleTaskMemory
 .text.vApplicationGetTimerTaskMemory
                0x08008060       0x34 ./Middlewares/Third_Party/FreeRTOS/Source/CMSIS_RTOS_V2/cmsis_os2.o
                0x08008060                vApplicationGetTimerTaskMemory
 .text.xEventGroupCreate
                0x08008094       0x34 ./Middlewares/Third_Party/FreeRTOS/Source/event_groups.o
                0x08008094                xEventGroupCreate
 .text.xEventGroupWaitBits
                0x080080c8      0x1a4 ./Middlewares/Third_Party/FreeRTOS/Source/event_groups.o
                0x080080c8                xEventGroupWaitBits
 .text.xEventGroupClearBits
                0x0800826c       0x72 ./Middlewares/Third_Party/FreeRTOS/Source/event_groups.o
                0x0800826c                xEventGroupClearBits
 .text.xEventGroupSetBits
                0x080082de      0x118 ./Middlewares/Third_Party/FreeRTOS/Source/event_groups.o
                0x080082de                xEventGroupSetBits
 .text.prvTestWaitCondition
                0x080083f6       0x44 ./Middlewares/Third_Party/FreeRTOS/Source/event_groups.o
 .text.vListInitialise
                0x0800843a       0x40 ./Middlewares/Third_Party/FreeRTOS/Source/list.o
                0x0800843a                vListInitialise
 .text.vListInitialiseItem
                0x0800847a       0x1a ./Middlewares/Third_Party/FreeRTOS/Source/list.o
                0x0800847a                vListInitialiseItem
 .text.vListInsertEnd
                0x08008494       0x48 ./Middlewares/Third_Party/FreeRTOS/Source/list.o
                0x08008494                vListInsertEnd
 .text.vListInsert
                0x080084dc       0x72 ./Middlewares/Third_Party/FreeRTOS/Source/list.o
                0x080084dc                vListInsert
 .text.uxListRemove
                0x0800854e       0x54 ./Middlewares/Third_Party/FreeRTOS/Source/list.o
                0x0800854e                uxListRemove
 *fill*         0x080085a2        0x2 
 .text.xQueueGenericReset
                0x080085a4       0xd4 ./Middlewares/Third_Party/FreeRTOS/Source/queue.o
                0x080085a4                xQueueGenericReset
 .text.xQueueGenericCreateStatic
                0x08008678       0xfa ./Middlewares/Third_Party/FreeRTOS/Source/queue.o
                0x08008678                xQueueGenericCreateStatic
 .text.xQueueGenericCreate
                0x08008772       0x76 ./Middlewares/Third_Party/FreeRTOS/Source/queue.o
                0x08008772                xQueueGenericCreate
 .text.prvInitialiseNewQueue
                0x080087e8       0x46 ./Middlewares/Third_Party/FreeRTOS/Source/queue.o
 .text.prvInitialiseMutex
                0x0800882e       0x34 ./Middlewares/Third_Party/FreeRTOS/Source/queue.o
 .text.xQueueCreateMutex
                0x08008862       0x30 ./Middlewares/Third_Party/FreeRTOS/Source/queue.o
                0x08008862                xQueueCreateMutex
 *fill*         0x08008892        0x2 
 .text.xQueueGenericSend
                0x08008894      0x204 ./Middlewares/Third_Party/FreeRTOS/Source/queue.o
                0x08008894                xQueueGenericSend
 .text.xQueueGenericSendFromISR
                0x08008a98      0x13c ./Middlewares/Third_Party/FreeRTOS/Source/queue.o
                0x08008a98                xQueueGenericSendFromISR
 .text.xQueueReceive
                0x08008bd4      0x1c4 ./Middlewares/Third_Party/FreeRTOS/Source/queue.o
                0x08008bd4                xQueueReceive
 .text.xQueueSemaphoreTake
                0x08008d98      0x220 ./Middlewares/Third_Party/FreeRTOS/Source/queue.o
                0x08008d98                xQueueSemaphoreTake
 .text.prvGetDisinheritPriorityAfterTimeout
                0x08008fb8       0x30 ./Middlewares/Third_Party/FreeRTOS/Source/queue.o
 .text.prvCopyDataToQueue
                0x08008fe8       0xd4 ./Middlewares/Third_Party/FreeRTOS/Source/queue.o
 .text.prvCopyDataFromQueue
                0x080090bc       0x4c ./Middlewares/Third_Party/FreeRTOS/Source/queue.o
 .text.prvUnlockQueue
                0x08009108       0xa4 ./Middlewares/Third_Party/FreeRTOS/Source/queue.o
 .text.prvIsQueueEmpty
                0x080091ac       0x2c ./Middlewares/Third_Party/FreeRTOS/Source/queue.o
 .text.prvIsQueueFull
                0x080091d8       0x30 ./Middlewares/Third_Party/FreeRTOS/Source/queue.o
 .text.vQueueAddToRegistry
                0x08009208       0x54 ./Middlewares/Third_Party/FreeRTOS/Source/queue.o
                0x08009208                vQueueAddToRegistry
 .text.vQueueWaitForMessageRestricted
                0x0800925c       0x68 ./Middlewares/Third_Party/FreeRTOS/Source/queue.o
                0x0800925c                vQueueWaitForMessageRestricted
 .text.xTaskCreateStatic
                0x080092c4       0xc0 ./Middlewares/Third_Party/FreeRTOS/Source/tasks.o
                0x080092c4                xTaskCreateStatic
 .text.xTaskCreate
                0x08009384       0x8a ./Middlewares/Third_Party/FreeRTOS/Source/tasks.o
                0x08009384                xTaskCreate
 *fill*         0x0800940e        0x2 
 .text.prvInitialiseNewTask
                0x08009410      0x150 ./Middlewares/Third_Party/FreeRTOS/Source/tasks.o
 .text.prvAddNewTaskToReadyList
                0x08009560       0xe0 ./Middlewares/Third_Party/FreeRTOS/Source/tasks.o
 .text.vTaskDelay
                0x08009640       0x6c ./Middlewares/Third_Party/FreeRTOS/Source/tasks.o
                0x08009640                vTaskDelay
 .text.vTaskStartScheduler
                0x080096ac       0xe0 ./Middlewares/Third_Party/FreeRTOS/Source/tasks.o
                0x080096ac                vTaskStartScheduler
 .text.vTaskSuspendAll
                0x0800978c       0x1c ./Middlewares/Third_Party/FreeRTOS/Source/tasks.o
                0x0800978c                vTaskSuspendAll
 .text.xTaskResumeAll
                0x080097a8      0x13c ./Middlewares/Third_Party/FreeRTOS/Source/tasks.o
                0x080097a8                xTaskResumeAll
 .text.xTaskGetTickCount
                0x080098e4       0x20 ./Middlewares/Third_Party/FreeRTOS/Source/tasks.o
                0x080098e4                xTaskGetTickCount
 .text.xTaskIncrementTick
                0x08009904      0x174 ./Middlewares/Third_Party/FreeRTOS/Source/tasks.o
                0x08009904                xTaskIncrementTick
 .text.vTaskSwitchContext
                0x08009a78       0xcc ./Middlewares/Third_Party/FreeRTOS/Source/tasks.o
                0x08009a78                vTaskSwitchContext
 .text.vTaskPlaceOnEventList
                0x08009b44       0x4c ./Middlewares/Third_Party/FreeRTOS/Source/tasks.o
                0x08009b44                vTaskPlaceOnEventList
 .text.vTaskPlaceOnUnorderedEventList
                0x08009b90       0x7c ./Middlewares/Third_Party/FreeRTOS/Source/tasks.o
                0x08009b90                vTaskPlaceOnUnorderedEventList
 .text.vTaskPlaceOnEventListRestricted
                0x08009c0c       0x58 ./Middlewares/Third_Party/FreeRTOS/Source/tasks.o
                0x08009c0c                vTaskPlaceOnEventListRestricted
 .text.xTaskRemoveFromEventList
                0x08009c64       0xc8 ./Middlewares/Third_Party/FreeRTOS/Source/tasks.o
                0x08009c64                xTaskRemoveFromEventList
 .text.vTaskRemoveFromUnorderedEventList
                0x08009d2c       0xc8 ./Middlewares/Third_Party/FreeRTOS/Source/tasks.o
                0x08009d2c                vTaskRemoveFromUnorderedEventList
 .text.vTaskInternalSetTimeOutState
                0x08009df4       0x2c ./Middlewares/Third_Party/FreeRTOS/Source/tasks.o
                0x08009df4                vTaskInternalSetTimeOutState
 .text.xTaskCheckForTimeOut
                0x08009e20       0xc8 ./Middlewares/Third_Party/FreeRTOS/Source/tasks.o
                0x08009e20                xTaskCheckForTimeOut
 .text.vTaskMissedYield
                0x08009ee8       0x18 ./Middlewares/Third_Party/FreeRTOS/Source/tasks.o
                0x08009ee8                vTaskMissedYield
 .text.prvIdleTask
                0x08009f00       0x30 ./Middlewares/Third_Party/FreeRTOS/Source/tasks.o
 .text.prvInitialiseTaskLists
                0x08009f30       0x80 ./Middlewares/Third_Party/FreeRTOS/Source/tasks.o
 .text.prvCheckTasksWaitingTermination
                0x08009fb0       0x5c ./Middlewares/Third_Party/FreeRTOS/Source/tasks.o
 .text.prvDeleteTCB
                0x0800a00c       0x6a ./Middlewares/Third_Party/FreeRTOS/Source/tasks.o
 *fill*         0x0800a076        0x2 
 .text.prvResetNextTaskUnblockTime
                0x0800a078       0x40 ./Middlewares/Third_Party/FreeRTOS/Source/tasks.o
 .text.xTaskGetSchedulerState
                0x0800a0b8       0x3c ./Middlewares/Third_Party/FreeRTOS/Source/tasks.o
                0x0800a0b8                xTaskGetSchedulerState
 .text.xTaskPriorityInherit
                0x0800a0f4       0xd0 ./Middlewares/Third_Party/FreeRTOS/Source/tasks.o
                0x0800a0f4                xTaskPriorityInherit
 .text.xTaskPriorityDisinherit
                0x0800a1c4       0xe0 ./Middlewares/Third_Party/FreeRTOS/Source/tasks.o
                0x0800a1c4                xTaskPriorityDisinherit
 .text.vTaskPriorityDisinheritAfterTimeout
                0x0800a2a4      0x108 ./Middlewares/Third_Party/FreeRTOS/Source/tasks.o
                0x0800a2a4                vTaskPriorityDisinheritAfterTimeout
 .text.uxTaskResetEventItemValue
                0x0800a3ac       0x30 ./Middlewares/Third_Party/FreeRTOS/Source/tasks.o
                0x0800a3ac                uxTaskResetEventItemValue
 .text.pvTaskIncrementMutexHeldCount
                0x0800a3dc       0x28 ./Middlewares/Third_Party/FreeRTOS/Source/tasks.o
                0x0800a3dc                pvTaskIncrementMutexHeldCount
 .text.prvAddCurrentTaskToDelayedList
                0x0800a404       0xa8 ./Middlewares/Third_Party/FreeRTOS/Source/tasks.o
 .text.xTimerCreateTimerTask
                0x0800a4ac       0x94 ./Middlewares/Third_Party/FreeRTOS/Source/timers.o
                0x0800a4ac                xTimerCreateTimerTask
 .text.xTimerGenericCommand
                0x0800a540       0x9c ./Middlewares/Third_Party/FreeRTOS/Source/timers.o
                0x0800a540                xTimerGenericCommand
 .text.prvProcessExpiredTimer
                0x0800a5dc       0x9c ./Middlewares/Third_Party/FreeRTOS/Source/timers.o
 .text.prvTimerTask
                0x0800a678       0x26 ./Middlewares/Third_Party/FreeRTOS/Source/timers.o
 *fill*         0x0800a69e        0x2 
 .text.prvProcessTimerOrBlockTask
                0x0800a6a0       0x9c ./Middlewares/Third_Party/FreeRTOS/Source/timers.o
 .text.prvGetNextExpireTime
                0x0800a73c       0x48 ./Middlewares/Third_Party/FreeRTOS/Source/timers.o
 .text.prvSampleTimeNow
                0x0800a784       0x40 ./Middlewares/Third_Party/FreeRTOS/Source/timers.o
 .text.prvInsertTimerInActiveList
                0x0800a7c4       0x84 ./Middlewares/Third_Party/FreeRTOS/Source/timers.o
 .text.prvProcessReceivedCommands
                0x0800a848      0x1cc ./Middlewares/Third_Party/FreeRTOS/Source/timers.o
 .text.prvSwitchTimerLists
                0x0800aa14       0xcc ./Middlewares/Third_Party/FreeRTOS/Source/timers.o
 .text.prvCheckForValidListAndQueue
                0x0800aae0       0x80 ./Middlewares/Third_Party/FreeRTOS/Source/timers.o
 .text.pxPortInitialiseStack
                0x0800ab60       0x68 ./Middlewares/Third_Party/FreeRTOS/Source/portable/GCC/ARM_CM4F/port.o
                0x0800ab60                pxPortInitialiseStack
 .text.prvTaskExitError
                0x0800abc8       0x5c ./Middlewares/Third_Party/FreeRTOS/Source/portable/GCC/ARM_CM4F/port.o
 *fill*         0x0800ac24        0xc 
 .text.SVC_Handler
                0x0800ac30       0x28 ./Middlewares/Third_Party/FreeRTOS/Source/portable/GCC/ARM_CM4F/port.o
                0x0800ac30                SVC_Handler
 .text.prvPortStartFirstTask
                0x0800ac58       0x28 ./Middlewares/Third_Party/FreeRTOS/Source/portable/GCC/ARM_CM4F/port.o
 .text.xPortStartScheduler
                0x0800ac80      0x148 ./Middlewares/Third_Party/FreeRTOS/Source/portable/GCC/ARM_CM4F/port.o
                0x0800ac80                xPortStartScheduler
 .text.vPortEnterCritical
                0x0800adc8       0x64 ./Middlewares/Third_Party/FreeRTOS/Source/portable/GCC/ARM_CM4F/port.o
                0x0800adc8                vPortEnterCritical
 .text.vPortExitCritical
                0x0800ae2c       0x54 ./Middlewares/Third_Party/FreeRTOS/Source/portable/GCC/ARM_CM4F/port.o
                0x0800ae2c                vPortExitCritical
 .text.PendSV_Handler
                0x0800ae80       0x68 ./Middlewares/Third_Party/FreeRTOS/Source/portable/GCC/ARM_CM4F/port.o
                0x0800ae80                PendSV_Handler
 .text.xPortSysTickHandler
                0x0800aee8       0x44 ./Middlewares/Third_Party/FreeRTOS/Source/portable/GCC/ARM_CM4F/port.o
                0x0800aee8                xPortSysTickHandler
 .text.vPortSetupTimerInterrupt
                0x0800af2c       0x48 ./Middlewares/Third_Party/FreeRTOS/Source/portable/GCC/ARM_CM4F/port.o
                0x0800af2c                vPortSetupTimerInterrupt
 .text.vPortEnableVFP
                0x0800af74       0x14 ./Middlewares/Third_Party/FreeRTOS/Source/portable/GCC/ARM_CM4F/port.o
 .text.vPortValidateInterruptPriority
                0x0800af88       0x84 ./Middlewares/Third_Party/FreeRTOS/Source/portable/GCC/ARM_CM4F/port.o
                0x0800af88                vPortValidateInterruptPriority
 .text.pvPortMalloc
                0x0800b00c      0x19c ./Middlewares/Third_Party/FreeRTOS/Source/portable/MemMang/heap_4.o
                0x0800b00c                pvPortMalloc
 .text.vPortFree
                0x0800b1a8       0xc8 ./Middlewares/Third_Party/FreeRTOS/Source/portable/MemMang/heap_4.o
                0x0800b1a8                vPortFree
 .text.prvHeapInit
                0x0800b270       0xc4 ./Middlewares/Third_Party/FreeRTOS/Source/portable/MemMang/heap_4.o
 .text.prvInsertBlockIntoFreeList
                0x0800b334       0xb4 ./Middlewares/Third_Party/FreeRTOS/Source/portable/MemMang/heap_4.o
 .text.malloc   0x0800b3e8       0x10 /Applications/STM32CubeIDE.app/Contents/Eclipse/plugins/com.st.stm32cube.ide.mcu.externaltools.gnu-tools-for-stm32.13.3.rel1.macos64_1.0.0.202411102158/tools/bin/../lib/gcc/arm-none-eabi/13.3.1/../../../../arm-none-eabi/lib/thumb/v7e-m+fp/hard/libc_nano.a(libc_a-malloc.o)
                0x0800b3e8                malloc
 .text.free     0x0800b3f8       0x10 /Applications/STM32CubeIDE.app/Contents/Eclipse/plugins/com.st.stm32cube.ide.mcu.externaltools.gnu-tools-for-stm32.13.3.rel1.macos64_1.0.0.202411102158/tools/bin/../lib/gcc/arm-none-eabi/13.3.1/../../../../arm-none-eabi/lib/thumb/v7e-m+fp/hard/libc_nano.a(libc_a-malloc.o)
                0x0800b3f8                free
 .text.sbrk_aligned
                0x0800b408       0x44 /Applications/STM32CubeIDE.app/Contents/Eclipse/plugins/com.st.stm32cube.ide.mcu.externaltools.gnu-tools-for-stm32.13.3.rel1.macos64_1.0.0.202411102158/tools/bin/../lib/gcc/arm-none-eabi/13.3.1/../../../../arm-none-eabi/lib/thumb/v7e-m+fp/hard/libc_nano.a(libc_a-mallocr.o)
 .text._malloc_r
                0x0800b44c      0x100 /Applications/STM32CubeIDE.app/Contents/Eclipse/plugins/com.st.stm32cube.ide.mcu.externaltools.gnu-tools-for-stm32.13.3.rel1.macos64_1.0.0.202411102158/tools/bin/../lib/gcc/arm-none-eabi/13.3.1/../../../../arm-none-eabi/lib/thumb/v7e-m+fp/hard/libc_nano.a(libc_a-mallocr.o)
                0x0800b44c                _malloc_r
 .text.__malloc_lock
                0x0800b54c        0xc /Applications/STM32CubeIDE.app/Contents/Eclipse/plugins/com.st.stm32cube.ide.mcu.externaltools.gnu-tools-for-stm32.13.3.rel1.macos64_1.0.0.202411102158/tools/bin/../lib/gcc/arm-none-eabi/13.3.1/../../../../arm-none-eabi/lib/thumb/v7e-m+fp/hard/libc_nano.a(libc_a-mlock.o)
                0x0800b54c                __malloc_lock
 .text.__malloc_unlock
                0x0800b558        0xc /Applications/STM32CubeIDE.app/Contents/Eclipse/plugins/com.st.stm32cube.ide.mcu.externaltools.gnu-tools-for-stm32.13.3.rel1.macos64_1.0.0.202411102158/tools/bin/../lib/gcc/arm-none-eabi/13.3.1/../../../../arm-none-eabi/lib/thumb/v7e-m+fp/hard/libc_nano.a(libc_a-mlock.o)
                0x0800b558                __malloc_unlock
 .text.memset   0x0800b564       0x10 /Applications/STM32CubeIDE.app/Contents/Eclipse/plugins/com.st.stm32cube.ide.mcu.externaltools.gnu-tools-for-stm32.13.3.rel1.macos64_1.0.0.202411102158/tools/bin/../lib/gcc/arm-none-eabi/13.3.1/../../../../arm-none-eabi/lib/thumb/v7e-m+fp/hard/libc_nano.a(libc_a-memset.o)
                0x0800b564                memset
 .text._sbrk_r  0x0800b574       0x20 /Applications/STM32CubeIDE.app/Contents/Eclipse/plugins/com.st.stm32cube.ide.mcu.externaltools.gnu-tools-for-stm32.13.3.rel1.macos64_1.0.0.202411102158/tools/bin/../lib/gcc/arm-none-eabi/13.3.1/../../../../arm-none-eabi/lib/thumb/v7e-m+fp/hard/libc_nano.a(libc_a-sbrkr.o)
                0x0800b574                _sbrk_r
 .text.__libc_init_array
                0x0800b594       0x48 /Applications/STM32CubeIDE.app/Contents/Eclipse/plugins/com.st.stm32cube.ide.mcu.externaltools.gnu-tools-for-stm32.13.3.rel1.macos64_1.0.0.202411102158/tools/bin/../lib/gcc/arm-none-eabi/13.3.1/../../../../arm-none-eabi/lib/thumb/v7e-m+fp/hard/libc_nano.a(libc_a-init.o)
                0x0800b594                __libc_init_array
 .text.__retarget_lock_acquire_recursive
                0x0800b5dc        0x2 /Applications/STM32CubeIDE.app/Contents/Eclipse/plugins/com.st.stm32cube.ide.mcu.externaltools.gnu-tools-for-stm32.13.3.rel1.macos64_1.0.0.202411102158/tools/bin/../lib/gcc/arm-none-eabi/13.3.1/../../../../arm-none-eabi/lib/thumb/v7e-m+fp/hard/libc_nano.a(libc_a-lock.o)
                0x0800b5dc                __retarget_lock_acquire_recursive
 .text.__retarget_lock_release_recursive
                0x0800b5de        0x2 /Applications/STM32CubeIDE.app/Contents/Eclipse/plugins/com.st.stm32cube.ide.mcu.externaltools.gnu-tools-for-stm32.13.3.rel1.macos64_1.0.0.202411102158/tools/bin/../lib/gcc/arm-none-eabi/13.3.1/../../../../arm-none-eabi/lib/thumb/v7e-m+fp/hard/libc_nano.a(libc_a-lock.o)
                0x0800b5de                __retarget_lock_release_recursive
 .text._reclaim_reent
                0x0800b5e0       0xbc /Applications/STM32CubeIDE.app/Contents/Eclipse/plugins/com.st.stm32cube.ide.mcu.externaltools.gnu-tools-for-stm32.13.3.rel1.macos64_1.0.0.202411102158/tools/bin/../lib/gcc/arm-none-eabi/13.3.1/../../../../arm-none-eabi/lib/thumb/v7e-m+fp/hard/libc_nano.a(libc_a-reent.o)
                0x0800b5e0                _reclaim_reent
 .text.memcpy   0x0800b69c       0x1c /Applications/STM32CubeIDE.app/Contents/Eclipse/plugins/com.st.stm32cube.ide.mcu.externaltools.gnu-tools-for-stm32.13.3.rel1.macos64_1.0.0.202411102158/tools/bin/../lib/gcc/arm-none-eabi/13.3.1/../../../../arm-none-eabi/lib/thumb/v7e-m+fp/hard/libc_nano.a(libc_a-memcpy-stub.o)
                0x0800b69c                memcpy
 .text._free_r  0x0800b6b8       0x94 /Applications/STM32CubeIDE.app/Contents/Eclipse/plugins/com.st.stm32cube.ide.mcu.externaltools.gnu-tools-for-stm32.13.3.rel1.macos64_1.0.0.202411102158/tools/bin/../lib/gcc/arm-none-eabi/13.3.1/../../../../arm-none-eabi/lib/thumb/v7e-m+fp/hard/libc_nano.a(libc_a-freer.o)
                0x0800b6b8                _free_r
 .text._sbrk    0x0800b74c       0x1c /Applications/STM32CubeIDE.app/Contents/Eclipse/plugins/com.st.stm32cube.ide.mcu.externaltools.gnu-tools-for-stm32.13.3.rel1.macos64_1.0.0.202411102158/tools/bin/../lib/gcc/arm-none-eabi/13.3.1/../../../../arm-none-eabi/lib/thumb/v7e-m+fp/hard/libnosys.a(sbrk.o)
                0x0800b74c                _sbrk
 *(.glue_7)
 .glue_7        0x0800b768        0x0 linker stubs
 *(.glue_7t)
 .glue_7t       0x0800b768        0x0 linker stubs
 *(.eh_frame)
 .eh_frame      0x0800b768        0x0 /Applications/STM32CubeIDE.app/Contents/Eclipse/plugins/com.st.stm32cube.ide.mcu.externaltools.gnu-tools-for-stm32.13.3.rel1.macos64_1.0.0.202411102158/tools/bin/../lib/gcc/arm-none-eabi/13.3.1/thumb/v7e-m+fp/hard/crtbegin.o
 *(.init)
 .init          0x0800b768        0x4 /Applications/STM32CubeIDE.app/Contents/Eclipse/plugins/com.st.stm32cube.ide.mcu.externaltools.gnu-tools-for-stm32.13.3.rel1.macos64_1.0.0.202411102158/tools/bin/../lib/gcc/arm-none-eabi/13.3.1/thumb/v7e-m+fp/hard/crti.o
                0x0800b768                _init
 .init          0x0800b76c        0x8 /Applications/STM32CubeIDE.app/Contents/Eclipse/plugins/com.st.stm32cube.ide.mcu.externaltools.gnu-tools-for-stm32.13.3.rel1.macos64_1.0.0.202411102158/tools/bin/../lib/gcc/arm-none-eabi/13.3.1/thumb/v7e-m+fp/hard/crtn.o
 *(.fini)
 .fini          0x0800b774        0x4 /Applications/STM32CubeIDE.app/Contents/Eclipse/plugins/com.st.stm32cube.ide.mcu.externaltools.gnu-tools-for-stm32.13.3.rel1.macos64_1.0.0.202411102158/tools/bin/../lib/gcc/arm-none-eabi/13.3.1/thumb/v7e-m+fp/hard/crti.o
                0x0800b774                _fini
 .fini          0x0800b778        0x8 /Applications/STM32CubeIDE.app/Contents/Eclipse/plugins/com.st.stm32cube.ide.mcu.externaltools.gnu-tools-for-stm32.13.3.rel1.macos64_1.0.0.202411102158/tools/bin/../lib/gcc/arm-none-eabi/13.3.1/thumb/v7e-m+fp/hard/crtn.o
                0x0800b780                        . = ALIGN (0x4)
                0x0800b780                        _etext = .

.vfp11_veneer   0x0800b780        0x0
 .vfp11_veneer  0x0800b780        0x0 linker stubs

.v4_bx          0x0800b780        0x0
 .v4_bx         0x0800b780        0x0 linker stubs

.iplt           0x0800b780        0x0
 .iplt          0x0800b780        0x0 /Applications/STM32CubeIDE.app/Contents/Eclipse/plugins/com.st.stm32cube.ide.mcu.externaltools.gnu-tools-for-stm32.13.3.rel1.macos64_1.0.0.202411102158/tools/bin/../lib/gcc/arm-none-eabi/13.3.1/thumb/v7e-m+fp/hard/crtbegin.o

.rodata         0x0800b780      0x7b0
                0x0800b780                        . = ALIGN (0x4)
 *(.rodata)
 .rodata        0x0800b780       0x5a ./Core/Src/freertos.o
 *fill*         0x0800b7da        0x2 
 .rodata        0x0800b7dc       0x1f ./Core/Src/oled_functions.o
 *fill*         0x0800b7fb        0x1 
 .rodata        0x0800b7fc        0x5 ./Middlewares/Third_Party/FreeRTOS/Source/tasks.o
 *fill*         0x0800b801        0x3 
 .rodata        0x0800b804        0xd ./Middlewares/Third_Party/FreeRTOS/Source/timers.o
 *(.rodata*)
 *fill*         0x0800b811        0x3 
 .rodata.defaultTask_attributes
                0x0800b814       0x24 ./Core/Src/freertos.o
                0x0800b814                defaultTask_attributes
 .rodata.TLHandlerTask_attributes
                0x0800b838       0x24 ./Core/Src/freertos.o
                0x0800b838                TLHandlerTask_attributes
 .rodata.PLHandlerTask_attributes
                0x0800b85c       0x24 ./Core/Src/freertos.o
                0x0800b85c                PLHandlerTask_attributes
 .rodata.InHandlerTask_attributes
                0x0800b880       0x24 ./Core/Src/freertos.o
                0x0800b880                InHandlerTask_attributes
 .rodata.blinkTaskHandle_attributes
                0x0800b8a4       0x24 ./Core/Src/freertos.o
                0x0800b8a4                blinkTaskHandle_attributes
 .rodata.OLHandlerTask_attributes
                0x0800b8c8       0x24 ./Core/Src/freertos.o
                0x0800b8c8                OLHandlerTask_attributes
 .rodata.Font6x8
                0x0800b8ec      0x5f0 ./Core/Src/ssd1306_fonts.o
 .rodata.Font_6x8
                0x0800bedc        0xc ./Core/Src/ssd1306_fonts.o
                0x0800bedc                Font_6x8
 .rodata.AHBPrescTable
                0x0800bee8       0x10 ./Core/Src/system_stm32l4xx.o
                0x0800bee8                AHBPrescTable
 .rodata.APBPrescTable
                0x0800bef8        0x8 ./Core/Src/system_stm32l4xx.o
                0x0800bef8                APBPrescTable
 .rodata.MSIRangeTable
                0x0800bf00       0x30 ./Core/Src/system_stm32l4xx.o
                0x0800bf00                MSIRangeTable
                0x0800bf30                        . = ALIGN (0x4)

.ARM.extab      0x0800bf30        0x0
                0x0800bf30                        . = ALIGN (0x4)
 *(.ARM.extab* .gnu.linkonce.armextab.*)
                0x0800bf30                        . = ALIGN (0x4)

.ARM            0x0800bf30        0x8
                0x0800bf30                        . = ALIGN (0x4)
                0x0800bf30                        __exidx_start = .
 *(.ARM.exidx*)
 .ARM.exidx     0x0800bf30        0x8 /Applications/STM32CubeIDE.app/Contents/Eclipse/plugins/com.st.stm32cube.ide.mcu.externaltools.gnu-tools-for-stm32.13.3.rel1.macos64_1.0.0.202411102158/tools/bin/../lib/gcc/arm-none-eabi/13.3.1/thumb/v7e-m+fp/hard/libgcc.a(_udivmoddi4.o)
                0x0800bf38                        __exidx_end = .
                0x0800bf38                        . = ALIGN (0x4)

.preinit_array  0x0800bf38        0x0
                0x0800bf38                        . = ALIGN (0x4)
                0x0800bf38                        PROVIDE (__preinit_array_start = .)
 *(.preinit_array*)
                0x0800bf38                        PROVIDE (__preinit_array_end = .)
                0x0800bf38                        . = ALIGN (0x4)

.init_array     0x0800bf38        0x4
                0x0800bf38                        . = ALIGN (0x4)
                0x0800bf38                        PROVIDE (__init_array_start = .)
 *(SORT_BY_NAME(.init_array.*))
 *(.init_array*)
 .init_array    0x0800bf38        0x4 /Applications/STM32CubeIDE.app/Contents/Eclipse/plugins/com.st.stm32cube.ide.mcu.externaltools.gnu-tools-for-stm32.13.3.rel1.macos64_1.0.0.202411102158/tools/bin/../lib/gcc/arm-none-eabi/13.3.1/thumb/v7e-m+fp/hard/crtbegin.o
                0x0800bf3c                        PROVIDE (__init_array_end = .)
                0x0800bf3c                        . = ALIGN (0x4)

.fini_array     0x0800bf3c        0x4
                0x0800bf3c                        . = ALIGN (0x4)
                [!provide]                        PROVIDE (__fini_array_start = .)
 *(SORT_BY_NAME(.fini_array.*))
 *(.fini_array*)
 .fini_array    0x0800bf3c        0x4 /Applications/STM32CubeIDE.app/Contents/Eclipse/plugins/com.st.stm32cube.ide.mcu.externaltools.gnu-tools-for-stm32.13.3.rel1.macos64_1.0.0.202411102158/tools/bin/../lib/gcc/arm-none-eabi/13.3.1/thumb/v7e-m+fp/hard/crtbegin.o
                [!provide]                        PROVIDE (__fini_array_end = .)
                0x0800bf40                        . = ALIGN (0x4)
                0x0800bf40                        _sidata = LOADADDR (.data)

.rel.dyn        0x0800bf40        0x0
 .rel.iplt      0x0800bf40        0x0 /Applications/STM32CubeIDE.app/Contents/Eclipse/plugins/com.st.stm32cube.ide.mcu.externaltools.gnu-tools-for-stm32.13.3.rel1.macos64_1.0.0.202411102158/tools/bin/../lib/gcc/arm-none-eabi/13.3.1/thumb/v7e-m+fp/hard/crtbegin.o

.data           0x20000000       0x60 load address 0x0800bf40
                0x20000000                        . = ALIGN (0x4)
                0x20000000                        _sdata = .
 *(.data)
 *(.data*)
 .data.SystemCoreClock
                0x20000000        0x4 ./Core/Src/system_stm32l4xx.o
                0x20000000                SystemCoreClock
 .data.uwTickPrio
                0x20000004        0x4 ./Drivers/STM32L4xx_HAL_Driver/Src/stm32l4xx_hal.o
                0x20000004                uwTickPrio
 .data.uwTickFreq
                0x20000008        0x1 ./Drivers/STM32L4xx_HAL_Driver/Src/stm32l4xx_hal.o
                0x20000008                uwTickFreq
 *fill*         0x20000009        0x3 
 .data.uxCriticalNesting
                0x2000000c        0x4 ./Middlewares/Third_Party/FreeRTOS/Source/portable/GCC/ARM_CM4F/port.o
 .data._impure_ptr
                0x20000010        0x4 /Applications/STM32CubeIDE.app/Contents/Eclipse/plugins/com.st.stm32cube.ide.mcu.externaltools.gnu-tools-for-stm32.13.3.rel1.macos64_1.0.0.202411102158/tools/bin/../lib/gcc/arm-none-eabi/13.3.1/../../../../arm-none-eabi/lib/thumb/v7e-m+fp/hard/libc_nano.a(libc_a-impure.o)
                0x20000010                _impure_ptr
 .data._impure_data
                0x20000014       0x4c /Applications/STM32CubeIDE.app/Contents/Eclipse/plugins/com.st.stm32cube.ide.mcu.externaltools.gnu-tools-for-stm32.13.3.rel1.macos64_1.0.0.202411102158/tools/bin/../lib/gcc/arm-none-eabi/13.3.1/../../../../arm-none-eabi/lib/thumb/v7e-m+fp/hard/libc_nano.a(libc_a-impure.o)
                0x20000014                _impure_data
 *(.RamFunc)
 *(.RamFunc*)
                0x20000060                        . = ALIGN (0x4)
                0x20000060                        _edata = .

.igot.plt       0x20000060        0x0 load address 0x0800bfa0
 .igot.plt      0x20000060        0x0 /Applications/STM32CubeIDE.app/Contents/Eclipse/plugins/com.st.stm32cube.ide.mcu.externaltools.gnu-tools-for-stm32.13.3.rel1.macos64_1.0.0.202411102158/tools/bin/../lib/gcc/arm-none-eabi/13.3.1/thumb/v7e-m+fp/hard/crtbegin.o
                0x20000060                        . = ALIGN (0x4)

.bss            0x20000060     0x2dfc load address 0x0800bfa0
                0x20000060                        _sbss = .
                0x20000060                        __bss_start__ = _sbss
 *(.bss)
 .bss           0x20000060       0x1c /Applications/STM32CubeIDE.app/Contents/Eclipse/plugins/com.st.stm32cube.ide.mcu.externaltools.gnu-tools-for-stm32.13.3.rel1.macos64_1.0.0.202411102158/tools/bin/../lib/gcc/arm-none-eabi/13.3.1/thumb/v7e-m+fp/hard/crtbegin.o
 *(.bss*)
 .bss.hadc1     0x2000007c       0x64 ./Core/Src/adc.o
                0x2000007c                hadc1
 .bss.eventGroup
                0x200000e0        0x4 ./Core/Src/freertos.o
                0x200000e0                eventGroup
 .bss.oledEventGroup
                0x200000e4        0x4 ./Core/Src/freertos.o
                0x200000e4                oledEventGroup
 .bss.current_instruction
                0x200000e8        0x4 ./Core/Src/freertos.o
                0x200000e8                current_instruction
 .bss.doBlink1  0x200000ec        0x1 ./Core/Src/freertos.o
                0x200000ec                doBlink1
 .bss.doBlink2  0x200000ed        0x1 ./Core/Src/freertos.o
                0x200000ed                doBlink2
 .bss.blinkState
                0x200000ee        0x1 ./Core/Src/freertos.o
                0x200000ee                blinkState
 *fill*         0x200000ef        0x1 
 .bss.lightMutex
                0x200000f0        0x4 ./Core/Src/freertos.o
                0x200000f0                lightMutex
 .bss.oledMutex
                0x200000f4        0x4 ./Core/Src/freertos.o
                0x200000f4                oledMutex
 .bss.oledBars  0x200000f8       0x60 ./Core/Src/freertos.o
                0x200000f8                oledBars
 .bss.poti_value
                0x20000158        0x2 ./Core/Src/freertos.o
                0x20000158                poti_value
 *fill*         0x2000015a        0x2 
 .bss.defaultTaskHandle
                0x2000015c        0x4 ./Core/Src/freertos.o
                0x2000015c                defaultTaskHandle
 .bss.TLHandlerTaskHandle
                0x20000160        0x4 ./Core/Src/freertos.o
                0x20000160                TLHandlerTaskHandle
 .bss.PLHandlerTaskHandle
                0x20000164        0x4 ./Core/Src/freertos.o
                0x20000164                PLHandlerTaskHandle
 .bss.InHandlerTaskHandle
                0x20000168        0x4 ./Core/Src/freertos.o
                0x20000168                InHandlerTaskHandle
 .bss.blinkTaskHandleHandle
                0x2000016c        0x4 ./Core/Src/freertos.o
                0x2000016c                blinkTaskHandleHandle
 .bss.OLHandlerTaskHandle
                0x20000170        0x4 ./Core/Src/freertos.o
                0x20000170                OLHandlerTaskHandle
 .bss.State.1   0x20000174        0x1 ./Core/Src/freertos.o
 .bss.NextState.0
                0x20000175        0x1 ./Core/Src/freertos.o
 *fill*         0x20000176        0x2 
 .bss.hspi2     0x20000178       0x64 ./Core/Src/spi.o
                0x20000178                hspi2
 .bss.hspi3     0x200001dc       0x64 ./Core/Src/spi.o
                0x200001dc                hspi3
 .bss.SSD1306_Buffer
                0x20000240      0x400 ./Core/Src/ssd1306.o
 .bss.SSD1306   0x20000640        0x6 ./Core/Src/ssd1306.o
 *fill*         0x20000646        0x2 
 .bss.htim1     0x20000648       0x4c ./Core/Src/stm32l4xx_hal_timebase_tim.o
                0x20000648                htim1
 .bss.htim2     0x20000694       0x4c ./Core/Src/tim.o
                0x20000694                htim2
 .bss.htim3     0x200006e0       0x4c ./Core/Src/tim.o
                0x200006e0                htim3
 .bss.huart2    0x2000072c       0x88 ./Core/Src/usart.o
                0x2000072c                huart2
 .bss.uwTick    0x200007b4        0x4 ./Drivers/STM32L4xx_HAL_Driver/Src/stm32l4xx_hal.o
                0x200007b4                uwTick
 .bss.KernelState
                0x200007b8        0x4 ./Middlewares/Third_Party/FreeRTOS/Source/CMSIS_RTOS_V2/cmsis_os2.o
 .bss.Idle_TCB.3
                0x200007bc       0xa8 ./Middlewares/Third_Party/FreeRTOS/Source/CMSIS_RTOS_V2/cmsis_os2.o
 .bss.Idle_Stack.2
                0x20000864      0x200 ./Middlewares/Third_Party/FreeRTOS/Source/CMSIS_RTOS_V2/cmsis_os2.o
 .bss.Timer_TCB.1
                0x20000a64       0xa8 ./Middlewares/Third_Party/FreeRTOS/Source/CMSIS_RTOS_V2/cmsis_os2.o
 .bss.Timer_Stack.0
                0x20000b0c      0x400 ./Middlewares/Third_Party/FreeRTOS/Source/CMSIS_RTOS_V2/cmsis_os2.o
 .bss.xQueueRegistry
                0x20000f0c       0x40 ./Middlewares/Third_Party/FreeRTOS/Source/queue.o
                0x20000f0c                xQueueRegistry
 .bss.pxCurrentTCB
                0x20000f4c        0x4 ./Middlewares/Third_Party/FreeRTOS/Source/tasks.o
                0x20000f4c                pxCurrentTCB
 .bss.pxReadyTasksLists
                0x20000f50      0x460 ./Middlewares/Third_Party/FreeRTOS/Source/tasks.o
 .bss.xDelayedTaskList1
                0x200013b0       0x14 ./Middlewares/Third_Party/FreeRTOS/Source/tasks.o
 .bss.xDelayedTaskList2
                0x200013c4       0x14 ./Middlewares/Third_Party/FreeRTOS/Source/tasks.o
 .bss.pxDelayedTaskList
                0x200013d8        0x4 ./Middlewares/Third_Party/FreeRTOS/Source/tasks.o
 .bss.pxOverflowDelayedTaskList
                0x200013dc        0x4 ./Middlewares/Third_Party/FreeRTOS/Source/tasks.o
 .bss.xPendingReadyList
                0x200013e0       0x14 ./Middlewares/Third_Party/FreeRTOS/Source/tasks.o
 .bss.xTasksWaitingTermination
                0x200013f4       0x14 ./Middlewares/Third_Party/FreeRTOS/Source/tasks.o
 .bss.uxDeletedTasksWaitingCleanUp
                0x20001408        0x4 ./Middlewares/Third_Party/FreeRTOS/Source/tasks.o
 .bss.xSuspendedTaskList
                0x2000140c       0x14 ./Middlewares/Third_Party/FreeRTOS/Source/tasks.o
 .bss.uxCurrentNumberOfTasks
                0x20001420        0x4 ./Middlewares/Third_Party/FreeRTOS/Source/tasks.o
 .bss.xTickCount
                0x20001424        0x4 ./Middlewares/Third_Party/FreeRTOS/Source/tasks.o
 .bss.uxTopReadyPriority
                0x20001428        0x4 ./Middlewares/Third_Party/FreeRTOS/Source/tasks.o
 .bss.xSchedulerRunning
                0x2000142c        0x4 ./Middlewares/Third_Party/FreeRTOS/Source/tasks.o
 .bss.xPendedTicks
                0x20001430        0x4 ./Middlewares/Third_Party/FreeRTOS/Source/tasks.o
 .bss.xYieldPending
                0x20001434        0x4 ./Middlewares/Third_Party/FreeRTOS/Source/tasks.o
 .bss.xNumOfOverflows
                0x20001438        0x4 ./Middlewares/Third_Party/FreeRTOS/Source/tasks.o
 .bss.uxTaskNumber
                0x2000143c        0x4 ./Middlewares/Third_Party/FreeRTOS/Source/tasks.o
 .bss.xNextTaskUnblockTime
                0x20001440        0x4 ./Middlewares/Third_Party/FreeRTOS/Source/tasks.o
 .bss.xIdleTaskHandle
                0x20001444        0x4 ./Middlewares/Third_Party/FreeRTOS/Source/tasks.o
 .bss.uxSchedulerSuspended
                0x20001448        0x4 ./Middlewares/Third_Party/FreeRTOS/Source/tasks.o
 .bss.xActiveTimerList1
                0x2000144c       0x14 ./Middlewares/Third_Party/FreeRTOS/Source/timers.o
 .bss.xActiveTimerList2
                0x20001460       0x14 ./Middlewares/Third_Party/FreeRTOS/Source/timers.o
 .bss.pxCurrentTimerList
                0x20001474        0x4 ./Middlewares/Third_Party/FreeRTOS/Source/timers.o
 .bss.pxOverflowTimerList
                0x20001478        0x4 ./Middlewares/Third_Party/FreeRTOS/Source/timers.o
 .bss.xTimerQueue
                0x2000147c        0x4 ./Middlewares/Third_Party/FreeRTOS/Source/timers.o
 .bss.xTimerTaskHandle
                0x20001480        0x4 ./Middlewares/Third_Party/FreeRTOS/Source/timers.o
 .bss.xLastTime.2
                0x20001484        0x4 ./Middlewares/Third_Party/FreeRTOS/Source/timers.o
 .bss.ucStaticTimerQueueStorage.1
                0x20001488       0xa0 ./Middlewares/Third_Party/FreeRTOS/Source/timers.o
 .bss.xStaticTimerQueue.0
                0x20001528       0x50 ./Middlewares/Third_Party/FreeRTOS/Source/timers.o
 .bss.ucMaxSysCallPriority
                0x20001578        0x1 ./Middlewares/Third_Party/FreeRTOS/Source/portable/GCC/ARM_CM4F/port.o
 *fill*         0x20001579        0x3 
 .bss.ulMaxPRIGROUPValue
                0x2000157c        0x4 ./Middlewares/Third_Party/FreeRTOS/Source/portable/GCC/ARM_CM4F/port.o
 .bss.ucHeap    0x20001580     0x1770 ./Middlewares/Third_Party/FreeRTOS/Source/portable/MemMang/heap_4.o
 .bss.xStart    0x20002cf0        0x8 ./Middlewares/Third_Party/FreeRTOS/Source/portable/MemMang/heap_4.o
 .bss.pxEnd     0x20002cf8        0x4 ./Middlewares/Third_Party/FreeRTOS/Source/portable/MemMang/heap_4.o
 .bss.xFreeBytesRemaining
                0x20002cfc        0x4 ./Middlewares/Third_Party/FreeRTOS/Source/portable/MemMang/heap_4.o
 .bss.xMinimumEverFreeBytesRemaining
                0x20002d00        0x4 ./Middlewares/Third_Party/FreeRTOS/Source/portable/MemMang/heap_4.o
 .bss.xNumberOfSuccessfulAllocations
                0x20002d04        0x4 ./Middlewares/Third_Party/FreeRTOS/Source/portable/MemMang/heap_4.o
 .bss.xNumberOfSuccessfulFrees
                0x20002d08        0x4 ./Middlewares/Third_Party/FreeRTOS/Source/portable/MemMang/heap_4.o
 .bss.xBlockAllocatedBit
                0x20002d0c        0x4 ./Middlewares/Third_Party/FreeRTOS/Source/portable/MemMang/heap_4.o
 .bss.__malloc_sbrk_start
                0x20002d10        0x4 /Applications/STM32CubeIDE.app/Contents/Eclipse/plugins/com.st.stm32cube.ide.mcu.externaltools.gnu-tools-for-stm32.13.3.rel1.macos64_1.0.0.202411102158/tools/bin/../lib/gcc/arm-none-eabi/13.3.1/../../../../arm-none-eabi/lib/thumb/v7e-m+fp/hard/libc_nano.a(libc_a-mallocr.o)
                0x20002d10                __malloc_sbrk_start
 .bss.__malloc_free_list
                0x20002d14        0x4 /Applications/STM32CubeIDE.app/Contents/Eclipse/plugins/com.st.stm32cube.ide.mcu.externaltools.gnu-tools-for-stm32.13.3.rel1.macos64_1.0.0.202411102158/tools/bin/../lib/gcc/arm-none-eabi/13.3.1/../../../../arm-none-eabi/lib/thumb/v7e-m+fp/hard/libc_nano.a(libc_a-mallocr.o)
                0x20002d14                __malloc_free_list
 .bss.__sf      0x20002d18      0x138 /Applications/STM32CubeIDE.app/Contents/Eclipse/plugins/com.st.stm32cube.ide.mcu.externaltools.gnu-tools-for-stm32.13.3.rel1.macos64_1.0.0.202411102158/tools/bin/../lib/gcc/arm-none-eabi/13.3.1/../../../../arm-none-eabi/lib/thumb/v7e-m+fp/hard/libc_nano.a(libc_a-findfp.o)
                0x20002d18                __sf
 .bss.__lock___malloc_recursive_mutex
                0x20002e50        0x1 /Applications/STM32CubeIDE.app/Contents/Eclipse/plugins/com.st.stm32cube.ide.mcu.externaltools.gnu-tools-for-stm32.13.3.rel1.macos64_1.0.0.202411102158/tools/bin/../lib/gcc/arm-none-eabi/13.3.1/../../../../arm-none-eabi/lib/thumb/v7e-m+fp/hard/libc_nano.a(libc_a-lock.o)
                0x20002e50                __lock___malloc_recursive_mutex
 *fill*         0x20002e51        0x3 
 .bss.errno     0x20002e54        0x4 /Applications/STM32CubeIDE.app/Contents/Eclipse/plugins/com.st.stm32cube.ide.mcu.externaltools.gnu-tools-for-stm32.13.3.rel1.macos64_1.0.0.202411102158/tools/bin/../lib/gcc/arm-none-eabi/13.3.1/../../../../arm-none-eabi/lib/thumb/v7e-m+fp/hard/libc_nano.a(libc_a-reent.o)
                0x20002e54                errno
 .bss.heap_end.0
                0x20002e58        0x4 /Applications/STM32CubeIDE.app/Contents/Eclipse/plugins/com.st.stm32cube.ide.mcu.externaltools.gnu-tools-for-stm32.13.3.rel1.macos64_1.0.0.202411102158/tools/bin/../lib/gcc/arm-none-eabi/13.3.1/../../../../arm-none-eabi/lib/thumb/v7e-m+fp/hard/libnosys.a(sbrk.o)
 *(COMMON)
                0x20002e5c                        . = ALIGN (0x4)
                0x20002e5c                        _ebss = .
                0x20002e5c                        __bss_end__ = _ebss

._user_heap_stack
                0x20002e5c      0x604 load address 0x0800bfa0
                0x20002e60                        . = ALIGN (0x8)
 *fill*         0x20002e5c        0x4 
                0x20002e60                        PROVIDE (end = .)
                [!provide]                        PROVIDE (_end = .)
                0x20003060                        . = (. + _Min_Heap_Size)
 *fill*         0x20002e60      0x200 
                0x20003460                        . = (. + _Min_Stack_Size)
 *fill*         0x20003060      0x400 
                0x20003460                        . = ALIGN (0x8)

/DISCARD/
 libc.a(*)
 libm.a(*)
 libgcc.a(*)

.ARM.attributes
                0x00000000       0x30
 *(.ARM.attributes)
 .ARM.attributes
                0x00000000       0x22 /Applications/STM32CubeIDE.app/Contents/Eclipse/plugins/com.st.stm32cube.ide.mcu.externaltools.gnu-tools-for-stm32.13.3.rel1.macos64_1.0.0.202411102158/tools/bin/../lib/gcc/arm-none-eabi/13.3.1/thumb/v7e-m+fp/hard/crti.o
 .ARM.attributes
                0x00000022       0x34 /Applications/STM32CubeIDE.app/Contents/Eclipse/plugins/com.st.stm32cube.ide.mcu.externaltools.gnu-tools-for-stm32.13.3.rel1.macos64_1.0.0.202411102158/tools/bin/../lib/gcc/arm-none-eabi/13.3.1/thumb/v7e-m+fp/hard/crtbegin.o
 .ARM.attributes
                0x00000056       0x34 ./Core/Src/adc.o
 .ARM.attributes
                0x0000008a       0x34 ./Core/Src/freertos.o
 .ARM.attributes
                0x000000be       0x34 ./Core/Src/gpio.o
 .ARM.attributes
                0x000000f2       0x34 ./Core/Src/main.o
 .ARM.attributes
                0x00000126       0x34 ./Core/Src/oled_functions.o
 .ARM.attributes
                0x0000015a       0x34 ./Core/Src/spi.o
 .ARM.attributes
                0x0000018e       0x34 ./Core/Src/ssd1306.o
 .ARM.attributes
                0x000001c2       0x34 ./Core/Src/ssd1306_fonts.o
 .ARM.attributes
                0x000001f6       0x34 ./Core/Src/stm32l4xx_hal_msp.o
 .ARM.attributes
                0x0000022a       0x34 ./Core/Src/stm32l4xx_hal_timebase_tim.o
 .ARM.attributes
                0x0000025e       0x34 ./Core/Src/stm32l4xx_it.o
 .ARM.attributes
                0x00000292       0x34 ./Core/Src/system_stm32l4xx.o
 .ARM.attributes
                0x000002c6       0x34 ./Core/Src/tim.o
 .ARM.attributes
                0x000002fa       0x34 ./Core/Src/traffic_functions.o
 .ARM.attributes
                0x0000032e       0x34 ./Core/Src/usart.o
 .ARM.attributes
                0x00000362       0x21 ./Core/Startup/startup_stm32l476rgtx.o
 .ARM.attributes
                0x00000383       0x34 ./Drivers/STM32L4xx_HAL_Driver/Src/stm32l4xx_hal.o
 .ARM.attributes
                0x000003b7       0x34 ./Drivers/STM32L4xx_HAL_Driver/Src/stm32l4xx_hal_adc.o
 .ARM.attributes
                0x000003eb       0x34 ./Drivers/STM32L4xx_HAL_Driver/Src/stm32l4xx_hal_adc_ex.o
 .ARM.attributes
                0x0000041f       0x34 ./Drivers/STM32L4xx_HAL_Driver/Src/stm32l4xx_hal_cortex.o
 .ARM.attributes
                0x00000453       0x34 ./Drivers/STM32L4xx_HAL_Driver/Src/stm32l4xx_hal_gpio.o
 .ARM.attributes
                0x00000487       0x34 ./Drivers/STM32L4xx_HAL_Driver/Src/stm32l4xx_hal_pwr_ex.o
 .ARM.attributes
                0x000004bb       0x34 ./Drivers/STM32L4xx_HAL_Driver/Src/stm32l4xx_hal_rcc.o
 .ARM.attributes
                0x000004ef       0x34 ./Drivers/STM32L4xx_HAL_Driver/Src/stm32l4xx_hal_rcc_ex.o
 .ARM.attributes
                0x00000523       0x34 ./Drivers/STM32L4xx_HAL_Driver/Src/stm32l4xx_hal_spi.o
 .ARM.attributes
                0x00000557       0x34 ./Drivers/STM32L4xx_HAL_Driver/Src/stm32l4xx_hal_tim.o
 .ARM.attributes
                0x0000058b       0x34 ./Drivers/STM32L4xx_HAL_Driver/Src/stm32l4xx_hal_tim_ex.o
 .ARM.attributes
                0x000005bf       0x34 ./Drivers/STM32L4xx_HAL_Driver/Src/stm32l4xx_hal_uart.o
 .ARM.attributes
                0x000005f3       0x34 ./Middlewares/Third_Party/FreeRTOS/Source/CMSIS_RTOS_V2/cmsis_os2.o
 .ARM.attributes
                0x00000627       0x34 ./Middlewares/Third_Party/FreeRTOS/Source/event_groups.o
 .ARM.attributes
                0x0000065b       0x34 ./Middlewares/Third_Party/FreeRTOS/Source/list.o
 .ARM.attributes
                0x0000068f       0x34 ./Middlewares/Third_Party/FreeRTOS/Source/queue.o
 .ARM.attributes
                0x000006c3       0x34 ./Middlewares/Third_Party/FreeRTOS/Source/tasks.o
 .ARM.attributes
                0x000006f7       0x34 ./Middlewares/Third_Party/FreeRTOS/Source/timers.o
 .ARM.attributes
                0x0000072b       0x34 ./Middlewares/Third_Party/FreeRTOS/Source/portable/GCC/ARM_CM4F/port.o
 .ARM.attributes
                0x0000075f       0x34 ./Middlewares/Third_Party/FreeRTOS/Source/portable/MemMang/heap_4.o
 .ARM.attributes
                0x00000793       0x34 /Applications/STM32CubeIDE.app/Contents/Eclipse/plugins/com.st.stm32cube.ide.mcu.externaltools.gnu-tools-for-stm32.13.3.rel1.macos64_1.0.0.202411102158/tools/bin/../lib/gcc/arm-none-eabi/13.3.1/../../../../arm-none-eabi/lib/thumb/v7e-m+fp/hard/libc_nano.a(libc_a-malloc.o)
 .ARM.attributes
                0x000007c7       0x34 /Applications/STM32CubeIDE.app/Contents/Eclipse/plugins/com.st.stm32cube.ide.mcu.externaltools.gnu-tools-for-stm32.13.3.rel1.macos64_1.0.0.202411102158/tools/bin/../lib/gcc/arm-none-eabi/13.3.1/../../../../arm-none-eabi/lib/thumb/v7e-m+fp/hard/libc_nano.a(libc_a-mallocr.o)
 .ARM.attributes
                0x000007fb       0x34 /Applications/STM32CubeIDE.app/Contents/Eclipse/plugins/com.st.stm32cube.ide.mcu.externaltools.gnu-tools-for-stm32.13.3.rel1.macos64_1.0.0.202411102158/tools/bin/../lib/gcc/arm-none-eabi/13.3.1/../../../../arm-none-eabi/lib/thumb/v7e-m+fp/hard/libc_nano.a(libc_a-mlock.o)
 .ARM.attributes
                0x0000082f       0x34 /Applications/STM32CubeIDE.app/Contents/Eclipse/plugins/com.st.stm32cube.ide.mcu.externaltools.gnu-tools-for-stm32.13.3.rel1.macos64_1.0.0.202411102158/tools/bin/../lib/gcc/arm-none-eabi/13.3.1/../../../../arm-none-eabi/lib/thumb/v7e-m+fp/hard/libc_nano.a(libc_a-findfp.o)
 .ARM.attributes
                0x00000863       0x34 /Applications/STM32CubeIDE.app/Contents/Eclipse/plugins/com.st.stm32cube.ide.mcu.externaltools.gnu-tools-for-stm32.13.3.rel1.macos64_1.0.0.202411102158/tools/bin/../lib/gcc/arm-none-eabi/13.3.1/../../../../arm-none-eabi/lib/thumb/v7e-m+fp/hard/libc_nano.a(libc_a-memset.o)
 .ARM.attributes
                0x00000897       0x34 /Applications/STM32CubeIDE.app/Contents/Eclipse/plugins/com.st.stm32cube.ide.mcu.externaltools.gnu-tools-for-stm32.13.3.rel1.macos64_1.0.0.202411102158/tools/bin/../lib/gcc/arm-none-eabi/13.3.1/../../../../arm-none-eabi/lib/thumb/v7e-m+fp/hard/libc_nano.a(libc_a-sbrkr.o)
 .ARM.attributes
                0x000008cb       0x34 /Applications/STM32CubeIDE.app/Contents/Eclipse/plugins/com.st.stm32cube.ide.mcu.externaltools.gnu-tools-for-stm32.13.3.rel1.macos64_1.0.0.202411102158/tools/bin/../lib/gcc/arm-none-eabi/13.3.1/../../../../arm-none-eabi/lib/thumb/v7e-m+fp/hard/libc_nano.a(libc_a-init.o)
 .ARM.attributes
                0x000008ff       0x34 /Applications/STM32CubeIDE.app/Contents/Eclipse/plugins/com.st.stm32cube.ide.mcu.externaltools.gnu-tools-for-stm32.13.3.rel1.macos64_1.0.0.202411102158/tools/bin/../lib/gcc/arm-none-eabi/13.3.1/../../../../arm-none-eabi/lib/thumb/v7e-m+fp/hard/libc_nano.a(libc_a-lock.o)
 .ARM.attributes
                0x00000933       0x34 /Applications/STM32CubeIDE.app/Contents/Eclipse/plugins/com.st.stm32cube.ide.mcu.externaltools.gnu-tools-for-stm32.13.3.rel1.macos64_1.0.0.202411102158/tools/bin/../lib/gcc/arm-none-eabi/13.3.1/../../../../arm-none-eabi/lib/thumb/v7e-m+fp/hard/libc_nano.a(libc_a-reent.o)
 .ARM.attributes
                0x00000967       0x34 /Applications/STM32CubeIDE.app/Contents/Eclipse/plugins/com.st.stm32cube.ide.mcu.externaltools.gnu-tools-for-stm32.13.3.rel1.macos64_1.0.0.202411102158/tools/bin/../lib/gcc/arm-none-eabi/13.3.1/../../../../arm-none-eabi/lib/thumb/v7e-m+fp/hard/libc_nano.a(libc_a-impure.o)
 .ARM.attributes
                0x0000099b       0x34 /Applications/STM32CubeIDE.app/Contents/Eclipse/plugins/com.st.stm32cube.ide.mcu.externaltools.gnu-tools-for-stm32.13.3.rel1.macos64_1.0.0.202411102158/tools/bin/../lib/gcc/arm-none-eabi/13.3.1/../../../../arm-none-eabi/lib/thumb/v7e-m+fp/hard/libc_nano.a(libc_a-memcpy-stub.o)
 .ARM.attributes
                0x000009cf       0x34 /Applications/STM32CubeIDE.app/Contents/Eclipse/plugins/com.st.stm32cube.ide.mcu.externaltools.gnu-tools-for-stm32.13.3.rel1.macos64_1.0.0.202411102158/tools/bin/../lib/gcc/arm-none-eabi/13.3.1/../../../../arm-none-eabi/lib/thumb/v7e-m+fp/hard/libc_nano.a(libc_a-freer.o)
 .ARM.attributes
                0x00000a03       0x22 /Applications/STM32CubeIDE.app/Contents/Eclipse/plugins/com.st.stm32cube.ide.mcu.externaltools.gnu-tools-for-stm32.13.3.rel1.macos64_1.0.0.202411102158/tools/bin/../lib/gcc/arm-none-eabi/13.3.1/thumb/v7e-m+fp/hard/libgcc.a(_aeabi_uldivmod.o)
 .ARM.attributes
                0x00000a25       0x34 /Applications/STM32CubeIDE.app/Contents/Eclipse/plugins/com.st.stm32cube.ide.mcu.externaltools.gnu-tools-for-stm32.13.3.rel1.macos64_1.0.0.202411102158/tools/bin/../lib/gcc/arm-none-eabi/13.3.1/thumb/v7e-m+fp/hard/libgcc.a(_udivmoddi4.o)
 .ARM.attributes
                0x00000a59       0x22 /Applications/STM32CubeIDE.app/Contents/Eclipse/plugins/com.st.stm32cube.ide.mcu.externaltools.gnu-tools-for-stm32.13.3.rel1.macos64_1.0.0.202411102158/tools/bin/../lib/gcc/arm-none-eabi/13.3.1/thumb/v7e-m+fp/hard/libgcc.a(_dvmd_tls.o)
 .ARM.attributes
                0x00000a7b       0x34 /Applications/STM32CubeIDE.app/Contents/Eclipse/plugins/com.st.stm32cube.ide.mcu.externaltools.gnu-tools-for-stm32.13.3.rel1.macos64_1.0.0.202411102158/tools/bin/../lib/gcc/arm-none-eabi/13.3.1/../../../../arm-none-eabi/lib/thumb/v7e-m+fp/hard/libnosys.a(sbrk.o)
 .ARM.attributes
                0x00000aaf       0x22 /Applications/STM32CubeIDE.app/Contents/Eclipse/plugins/com.st.stm32cube.ide.mcu.externaltools.gnu-tools-for-stm32.13.3.rel1.macos64_1.0.0.202411102158/tools/bin/../lib/gcc/arm-none-eabi/13.3.1/thumb/v7e-m+fp/hard/crtn.o
OUTPUT(IS1300Project.elf elf32-littlearm)
LOAD linker stubs
LOAD /Applications/STM32CubeIDE.app/Contents/Eclipse/plugins/com.st.stm32cube.ide.mcu.externaltools.gnu-tools-for-stm32.13.3.rel1.macos64_1.0.0.202411102158/tools/bin/../lib/gcc/arm-none-eabi/13.3.1/../../../../arm-none-eabi/lib/thumb/v7e-m+fp/hard/libc.a
LOAD /Applications/STM32CubeIDE.app/Contents/Eclipse/plugins/com.st.stm32cube.ide.mcu.externaltools.gnu-tools-for-stm32.13.3.rel1.macos64_1.0.0.202411102158/tools/bin/../lib/gcc/arm-none-eabi/13.3.1/../../../../arm-none-eabi/lib/thumb/v7e-m+fp/hard/libm.a
LOAD /Applications/STM32CubeIDE.app/Contents/Eclipse/plugins/com.st.stm32cube.ide.mcu.externaltools.gnu-tools-for-stm32.13.3.rel1.macos64_1.0.0.202411102158/tools/bin/../lib/gcc/arm-none-eabi/13.3.1/thumb/v7e-m+fp/hard/libgcc.a

.debug_info     0x00000000    0x25ed2
 .debug_info    0x00000000      0xeb0 ./Core/Src/adc.o
 .debug_info    0x00000eb0     0x16a6 ./Core/Src/freertos.o
 .debug_info    0x00002556      0x473 ./Core/Src/gpio.o
 .debug_info    0x000029c9      0x9bc ./Core/Src/main.o
 .debug_info    0x00003385      0x43e ./Core/Src/oled_functions.o
 .debug_info    0x000037c3      0xa15 ./Core/Src/spi.o
 .debug_info    0x000041d8     0x1314 ./Core/Src/ssd1306.o
 .debug_info    0x000054ec      0x14d ./Core/Src/ssd1306_fonts.o
 .debug_info    0x00005639      0x50d ./Core/Src/stm32l4xx_hal_msp.o
 .debug_info    0x00005b46      0xc71 ./Core/Src/stm32l4xx_hal_timebase_tim.o
 .debug_info    0x000067b7      0x6d1 ./Core/Src/stm32l4xx_it.o
 .debug_info    0x00006e88      0x5b1 ./Core/Src/system_stm32l4xx.o
 .debug_info    0x00007439      0xcf6 ./Core/Src/tim.o
 .debug_info    0x0000812f      0x824 ./Core/Src/traffic_functions.o
 .debug_info    0x00008953      0xd1b ./Core/Src/usart.o
 .debug_info    0x0000966e       0x30 ./Core/Startup/startup_stm32l476rgtx.o
 .debug_info    0x0000969e      0xc09 ./Drivers/STM32L4xx_HAL_Driver/Src/stm32l4xx_hal.o
 .debug_info    0x0000a2a7     0x1db8 ./Drivers/STM32L4xx_HAL_Driver/Src/stm32l4xx_hal_adc.o
 .debug_info    0x0000c05f     0x1b24 ./Drivers/STM32L4xx_HAL_Driver/Src/stm32l4xx_hal_adc_ex.o
 .debug_info    0x0000db83      0xd81 ./Drivers/STM32L4xx_HAL_Driver/Src/stm32l4xx_hal_cortex.o
 .debug_info    0x0000e904      0x757 ./Drivers/STM32L4xx_HAL_Driver/Src/stm32l4xx_hal_gpio.o
 .debug_info    0x0000f05b      0x99e ./Drivers/STM32L4xx_HAL_Driver/Src/stm32l4xx_hal_pwr_ex.o
 .debug_info    0x0000f9f9      0xc14 ./Drivers/STM32L4xx_HAL_Driver/Src/stm32l4xx_hal_rcc.o
 .debug_info    0x0001060d      0xe11 ./Drivers/STM32L4xx_HAL_Driver/Src/stm32l4xx_hal_rcc_ex.o
 .debug_info    0x0001141e     0x1549 ./Drivers/STM32L4xx_HAL_Driver/Src/stm32l4xx_hal_spi.o
 .debug_info    0x00012967     0x2a9a ./Drivers/STM32L4xx_HAL_Driver/Src/stm32l4xx_hal_tim.o
 .debug_info    0x00015401     0x169e ./Drivers/STM32L4xx_HAL_Driver/Src/stm32l4xx_hal_tim_ex.o
 .debug_info    0x00016a9f     0x3b69 ./Drivers/STM32L4xx_HAL_Driver/Src/stm32l4xx_hal_uart.o
 .debug_info    0x0001a608     0x410d ./Middlewares/Third_Party/FreeRTOS/Source/CMSIS_RTOS_V2/cmsis_os2.o
 .debug_info    0x0001e715      0xbd1 ./Middlewares/Third_Party/FreeRTOS/Source/event_groups.o
 .debug_info    0x0001f2e6      0x2af ./Middlewares/Third_Party/FreeRTOS/Source/list.o
 .debug_info    0x0001f595     0x1b79 ./Middlewares/Third_Party/FreeRTOS/Source/queue.o
 .debug_info    0x0002110e     0x28c1 ./Middlewares/Third_Party/FreeRTOS/Source/tasks.o
 .debug_info    0x000239cf     0x1b50 ./Middlewares/Third_Party/FreeRTOS/Source/timers.o
 .debug_info    0x0002551f      0x4de ./Middlewares/Third_Party/FreeRTOS/Source/portable/GCC/ARM_CM4F/port.o
 .debug_info    0x000259fd      0x4d5 ./Middlewares/Third_Party/FreeRTOS/Source/portable/MemMang/heap_4.o

.debug_abbrev   0x00000000     0x53ae
 .debug_abbrev  0x00000000      0x1f2 ./Core/Src/adc.o
 .debug_abbrev  0x000001f2      0x302 ./Core/Src/freertos.o
 .debug_abbrev  0x000004f4      0x152 ./Core/Src/gpio.o
 .debug_abbrev  0x00000646      0x241 ./Core/Src/main.o
 .debug_abbrev  0x00000887      0x1c1 ./Core/Src/oled_functions.o
 .debug_abbrev  0x00000a48      0x200 ./Core/Src/spi.o
 .debug_abbrev  0x00000c48      0x348 ./Core/Src/ssd1306.o
 .debug_abbrev  0x00000f90       0xae ./Core/Src/ssd1306_fonts.o
 .debug_abbrev  0x0000103e      0x107 ./Core/Src/stm32l4xx_hal_msp.o
 .debug_abbrev  0x00001145      0x1f4 ./Core/Src/stm32l4xx_hal_timebase_tim.o
 .debug_abbrev  0x00001339      0x17e ./Core/Src/stm32l4xx_it.o
 .debug_abbrev  0x000014b7      0x11a ./Core/Src/system_stm32l4xx.o